 msfs-simconnect-nodejs

 Timestamp is 5f5e959b (Sun Sep 13 23:56:43 2020)

 Preferred load address is 0000000180000000

 Start         Length     Name                   Class
 0001:00000000 000006f0H .text$di                CODE
 0001:000006f0 0001d9d0H .text$mn                CODE
 0001:0001e0c0 00000020H .text$mn$00             CODE
 0001:0001e0e0 00000410H .text$x                 CODE
 0001:0001e4f0 000004daH .text$yd                CODE
 0002:00000000 00000420H .idata$5                DATA
 0002:00000420 00000010H .00cfg                  DATA
 0002:00000430 00000008H .CRT$XCA                DATA
 0002:00000438 00000040H .CRT$XCU                DATA
 0002:00000478 00000008H .CRT$XCZ                DATA
 0002:00000480 00000008H .CRT$XIA                DATA
 0002:00000488 00000018H .CRT$XIC                DATA
 0002:000004a0 00000008H .CRT$XIZ                DATA
 0002:000004a8 00000008H .CRT$XPA                DATA
 0002:000004b0 00000010H .CRT$XPX                DATA
 0002:000004c0 00000008H .CRT$XPXA               DATA
 0002:000004c8 00000008H .CRT$XPZ                DATA
 0002:000004d0 00000008H .CRT$XTA                DATA
 0002:000004d8 00000008H .CRT$XTZ                DATA
 0002:000004e0 00000000H .gfids$y                DATA
 0002:000004e0 00008e80H .rdata                  DATA
 0002:00009360 00000404H .rdata$r                DATA
 0002:00009764 00000364H .rdata$zzzdbg           DATA
 0002:00009ac8 00000008H .rtc$IAA                DATA
 0002:00009ad0 00000008H .rtc$IZZ                DATA
 0002:00009ad8 00000008H .rtc$TAA                DATA
 0002:00009ae0 00000010H .rtc$TZZ                DATA
 0002:00009af0 00001a90H .xdata                  DATA
 0002:0000b580 00000250H .xdata$x                DATA
 0002:0000b7d0 00000060H .edata                  DATA
 0002:0000b830 0000003cH .idata$2                DATA
 0002:0000b86c 00000014H .idata$3                DATA
 0002:0000b880 00000420H .idata$4                DATA
 0002:0000bca0 0000110eH .idata$6                DATA
 0003:00000000 00000a80H .data                   DATA
 0003:00000a80 00000140H .data$r                 DATA
 0003:00000bc0 0000139cH .bss                    DATA
 0004:00000000 00001d70H .pdata                  DATA
 0005:00000000 00000060H .rsrc$01                DATA
 0005:00000060 00000180H .rsrc$02                DATA

  Address         Publics by Value              Rva+Base               Lib:Object

 0000:00000000       __hybrid_code_map_count    0000000000000000     <absolute>
 0000:00000000       __hybrid_code_map          0000000000000000     <absolute>
 0000:00000000       __guard_iat_count          0000000000000000     <absolute>
 0000:00000000       __guard_longjmp_count      0000000000000000     <absolute>
 0000:00000000       __volatile_metadata        0000000000000000     <absolute>
 0000:00000000       __guard_longjmp_table      0000000000000000     <absolute>
 0000:00000000       __guard_iat_table          0000000000000000     <absolute>
 0000:00000000       __guard_fids_count         0000000000000000     <absolute>
 0000:00000000       ___safe_se_handler_count   0000000000000000     <absolute>
 0000:00000000       __enclave_config           0000000000000000     <absolute>
 0000:00000000       ___safe_se_handler_table   0000000000000000     <absolute>
 0000:00000000       __guard_fids_table         0000000000000000     <absolute>
 0000:00000000       __hybrid_auxiliary_iat     0000000000000000     <absolute>
 0000:00000000       __dynamic_value_reloc_table 0000000000000000     <absolute>
 0000:00000100       __guard_flags              0000000000000100     <absolute>
 0000:00000000       __ImageBase                0000000180000000     <linker-defined>
 0001:000006f0       __local_stdio_printf_options 00000001800016f0 f i addon.obj
 0001:00000700       printf                     0000000180001700 f i addon.obj
 0001:00000760       sprintf                    0000000180001760 f i addon.obj
 0001:000007c0       ?NODE_SET_METHOD@node@@YAXV?$Local@VObject@v8@@@v8@@PEBDP6AXAEBV?$FunctionCallbackInfo@VValue@v8@@@3@@Z@Z 00000001800017c0 f i addon.obj
 0001:00000890       ??0Utf8String@Nan@@QEAA@V?$Local@VValue@v8@@@v8@@@Z 0000000180001890 f i addon.obj
 0001:000009a0       ?Call@Callback@Nan@@QEBA?AV?$MaybeLocal@VValue@v8@@@v8@@HQEAV?$Local@VValue@v8@@@4@PEAVAsyncResource@2@@Z 00000001800019a0 f i addon.obj
 0001:00000aa0       ??1AsyncWorker@Nan@@UEAA@XZ 0000000180001aa0 f i addon.obj
 0001:00000b50       ?WorkComplete@AsyncWorker@Nan@@UEAAXXZ 0000000180001b50 f i addon.obj
 0001:00000db0       ?Destroy@AsyncWorker@Nan@@UEAAXXZ 0000000180001db0 f i addon.obj
 0001:00000dd0       ?HandleOKCallback@AsyncWorker@Nan@@MEAAXXZ 0000000180001dd0 f i addon.obj
 0001:00000e20       ?HandleErrorCallback@AsyncWorker@Nan@@MEAAXXZ 0000000180001e20 f i addon.obj
 0001:00000f90       ??_GAsyncWorker@Nan@@UEAAPEAXI@Z 0000000180001f90 f i addon.obj
 0001:00000f90       ??_EAsyncWorker@Nan@@UEAAPEAXI@Z 0000000180001f90 f i * CIL library *:* CIL module *
 0001:00000fd0       ?AsyncExecute@Nan@@YAXPEAUuv_work_s@@@Z 0000000180001fd0 f i addon.obj
 0001:00000fe0       ?AsyncExecuteComplete@Nan@@YAXPEAUuv_work_s@@@Z 0000000180001fe0 f i addon.obj
 0001:00001020       ?Execute@DispatchWorker@@UEAAXXZ 0000000180002020 f i addon.obj
 0001:000010f0       ??_GDispatchWorker@@UEAAPEAXI@Z 00000001800020f0 f i addon.obj
 0001:000010f0       ??_EDispatchWorker@@UEAAPEAXI@Z 00000001800020f0 f i * CIL library *:* CIL module *
 0001:00001130       ?getUniqueRequestId@@YAKXZ 0000000180002130 f   addon.obj
 0001:00001200       ?messageReceiver@@YAXPEAUuv_async_s@@@Z 0000000180002200 f   addon.obj
 0001:00001980       ?handleReceived_Data@@YAXPEAVIsolate@v8@@PEAUSIMCONNECT_RECV@@K@Z 0000000180002980 f   addon.obj
 0001:000020b0       ?handle_Error@@YAXPEAVIsolate@v8@@J@Z 00000001800030b0 f   addon.obj
 0001:000021e0       ?handleReceived_Exception@@YAXPEAVIsolate@v8@@PEAUSIMCONNECT_RECV@@K@Z 00000001800031e0 f   addon.obj
 0001:00002510       ?Open@@YAXAEBV?$FunctionCallbackInfo@VValue@v8@@@v8@@@Z 0000000180003510 f   addon.obj
 0001:00002940       ?Close@@YAXAEBV?$FunctionCallbackInfo@VValue@v8@@@v8@@@Z 0000000180003940 f   addon.obj
 0001:00002a00       ?isConnected@@YAXAEBV?$FunctionCallbackInfo@VValue@v8@@@v8@@@Z 0000000180003a00 f   addon.obj
 0001:00002a40       ?RequestSystemState@@YAXAEBV?$FunctionCallbackInfo@VValue@v8@@@v8@@@Z 0000000180003a40 f   addon.obj
 0001:00002c50       ?FlightLoad@@YAXAEBV?$FunctionCallbackInfo@VValue@v8@@@v8@@@Z 0000000180003c50 f   addon.obj
 0001:00002d50       ?TransmitClientEvent@@YAXAEBV?$FunctionCallbackInfo@VValue@v8@@@v8@@@Z 0000000180003d50 f   addon.obj
 0001:00002f00       ?SubscribeToSystemEvent@@YAXAEBV?$FunctionCallbackInfo@VValue@v8@@@v8@@@Z 0000000180003f00 f   addon.obj
 0001:00003120       ?RequestDataOnSimObject@@YAXAEBV?$FunctionCallbackInfo@VValue@v8@@@v8@@@Z 0000000180004120 f   addon.obj
 0001:00003540       ??1DataDefinition@@QEAA@XZ 0000000180004540 f i addon.obj
 0001:00003600       ?RequestDataOnSimObjectType@@YAXAEBV?$FunctionCallbackInfo@VValue@v8@@@v8@@@Z 0000000180004600 f   addon.obj
 0001:00003a50       ?CreateDataDefinition@@YAXAEBV?$FunctionCallbackInfo@VValue@v8@@@v8@@@Z 0000000180004a50 f   addon.obj
 0001:00003b20       ?SetDataOnSimObject@@YAXAEBV?$FunctionCallbackInfo@VValue@v8@@@v8@@@Z 0000000180004b20 f   addon.obj
 0001:00003df0       ?generateDataDefinition@@YA?AUDataDefinition@@PEAVIsolate@v8@@PEAXV?$Local@VArray@v8@@@3@@Z 0000000180004df0 f   addon.obj
 0001:00004580       ?SetAircraftInitialPosition@@YAXAEBV?$FunctionCallbackInfo@VValue@v8@@@v8@@@Z 0000000180005580 f   addon.obj
 0001:00004e00       ?Initialize@@YAXV?$Local@VObject@v8@@@v8@@@Z 0000000180005e00 f   addon.obj
 0001:00004f30       ??A?$map@KPEAVCallback@Nan@@U?$less@K@std@@V?$allocator@U?$pair@$$CBKPEAVCallback@Nan@@@std@@@4@@std@@QEAAAEAPEAVCallback@Nan@@AEBK@Z 0000000180005f30 f i addon.obj
 0001:00005000       ??A?$map@KUDataDefinition@@U?$less@K@std@@V?$allocator@U?$pair@$$CBKUDataDefinition@@@std@@@3@@std@@QEAAAEAUDataDefinition@@AEBK@Z 0000000180006000 f i addon.obj
 0001:000050e0       ??4?$vector@W4SIMCONNECT_DATATYPE@@V?$allocator@W4SIMCONNECT_DATATYPE@@@std@@@std@@QEAAAEAV01@AEBV01@@Z 00000001800060e0 f i addon.obj
 0001:00005240       ??0?$basic_string@DU?$char_traits@D@std@@V?$allocator@D@2@@std@@QEAA@AEBV01@@Z 0000000180006240 f i addon.obj
 0001:00005320       ?_Tidy@?$vector@W4SIMCONNECT_DATATYPE@@V?$allocator@W4SIMCONNECT_DATATYPE@@@std@@@std@@AEAAXXZ 0000000180006320 f i addon.obj
 0001:00005380       ?_Buy@?$vector@W4SIMCONNECT_DATATYPE@@V?$allocator@W4SIMCONNECT_DATATYPE@@@std@@@std@@AEAA_N_K@Z 0000000180006380 f i addon.obj
 0001:00005430       ?_Xrange@?$vector@V?$basic_string@DU?$char_traits@D@std@@V?$allocator@D@2@@std@@V?$allocator@V?$basic_string@DU?$char_traits@D@std@@V?$allocator@D@2@@std@@@2@@std@@CAXXZ 0000000180006430 f i addon.obj
 0001:00005450       ?_Tidy@?$vector@V?$basic_string@DU?$char_traits@D@std@@V?$allocator@D@2@@std@@V?$allocator@V?$basic_string@DU?$char_traits@D@std@@V?$allocator@D@2@@std@@@2@@std@@AEAAXXZ 0000000180006450 f i addon.obj
 0001:000054c0       ?_Buy@?$vector@V?$basic_string@DU?$char_traits@D@std@@V?$allocator@D@2@@std@@V?$allocator@V?$basic_string@DU?$char_traits@D@std@@V?$allocator@D@2@@std@@@2@@std@@AEAA_N_K@Z 00000001800064c0 f i addon.obj
 0001:00005560       ?assign@?$basic_string@DU?$char_traits@D@std@@V?$allocator@D@2@@std@@QEAAAEAV12@QEBD_K@Z 0000000180006560 f i addon.obj
 0001:000056b0       ?_Growmap@?$deque@KV?$allocator@K@std@@@std@@IEAAX_K@Z 00000001800066b0 f i addon.obj
 0001:000058c0       ?_Xlength@?$vector@W4SIMCONNECT_DATATYPE@@V?$allocator@W4SIMCONNECT_DATATYPE@@@std@@@std@@CAXXZ 00000001800068c0 f i addon.obj
 0001:000058c0       ?_Xlength@?$vector@V?$basic_string@DU?$char_traits@D@std@@V?$allocator@D@2@@std@@V?$allocator@V?$basic_string@DU?$char_traits@D@std@@V?$allocator@D@2@@std@@@2@@std@@CAXXZ 00000001800068c0 f i addon.obj
 0001:000058e0       ?_Xlen@?$deque@KV?$allocator@K@std@@@std@@IEBAXXZ 00000001800068e0 f i addon.obj
 0001:00005900       ?_Erase@?$_Tree@V?$_Tmap_traits@KPEAVCallback@Nan@@U?$less@K@std@@V?$allocator@U?$pair@$$CBKPEAVCallback@Nan@@@std@@@4@$0A@@std@@@std@@IEAAXPEAU?$_Tree_node@U?$pair@$$CBKPEAVCallback@Nan@@@std@@PEAX@2@@Z 0000000180006900 f i addon.obj
 0001:00005960       ?_Erase@?$_Tree@V?$_Tmap_traits@KUDataDefinition@@U?$less@K@std@@V?$allocator@U?$pair@$$CBKUDataDefinition@@@std@@@3@$0A@@std@@@std@@IEAAXPEAU?$_Tree_node@U?$pair@$$CBKUDataDefinition@@@std@@PEAX@2@@Z 0000000180006960 f i addon.obj
 0001:000059c0       ?_Erase@?$_Tree@V?$_Tmap_traits@W4SIMCONNECT_DATATYPE@@HU?$less@W4SIMCONNECT_DATATYPE@@@std@@V?$allocator@U?$pair@$$CBW4SIMCONNECT_DATATYPE@@H@std@@@3@$0A@@std@@@std@@IEAAXPEAU?$_Tree_node@U?$pair@$$CBW4SIMCONNECT_DATATYPE@@H@std@@PEAX@2@@Z 00000001800069c0 f i addon.obj
 0001:00005a20       ?_Erase@?$_Tree@V?$_Tmap_traits@W4SIMCONNECT_EXCEPTION@@PEBDU?$less@W4SIMCONNECT_EXCEPTION@@@std@@V?$allocator@U?$pair@$$CBW4SIMCONNECT_EXCEPTION@@PEBD@std@@@3@$0A@@std@@@std@@IEAAXPEAU?$_Tree_node@U?$pair@$$CBW4SIMCONNECT_EXCEPTION@@PEBD@std@@PEAX@2@@Z 0000000180006a20 f i addon.obj
 0001:00005a80       ??$_Emplace_reallocate@AEBW4SIMCONNECT_DATATYPE@@@?$vector@W4SIMCONNECT_DATATYPE@@V?$allocator@W4SIMCONNECT_DATATYPE@@@std@@@std@@QEAAPEAW4SIMCONNECT_DATATYPE@@QEAW42@AEBW42@@Z 0000000180006a80 f i addon.obj
 0001:00005c20       ??$_Emplace_reallocate@AEBV?$basic_string@DU?$char_traits@D@std@@V?$allocator@D@2@@std@@@?$vector@V?$basic_string@DU?$char_traits@D@std@@V?$allocator@D@2@@std@@V?$allocator@V?$basic_string@DU?$char_traits@D@std@@V?$allocator@D@2@@std@@@2@@std@@QEAAPEAV?$basic_string@DU?$char_traits@D@std@@V?$allocator@D@2@@1@QEAV21@AEBV21@@Z 0000000180006c20 f i addon.obj
 0001:00005e00       ??$_Destroy_range@V?$allocator@V?$basic_string@DU?$char_traits@D@std@@V?$allocator@D@2@@std@@@std@@@std@@YAXPEAV?$basic_string@DU?$char_traits@D@std@@V?$allocator@D@2@@0@0AEAV?$allocator@V?$basic_string@DU?$char_traits@D@std@@V?$allocator@D@2@@std@@@0@@Z 0000000180006e00 f i addon.obj
 0001:00005e90       ?_Umove@?$vector@V?$basic_string@DU?$char_traits@D@std@@V?$allocator@D@2@@std@@V?$allocator@V?$basic_string@DU?$char_traits@D@std@@V?$allocator@D@2@@std@@@2@@std@@AEAAPEAV?$basic_string@DU?$char_traits@D@std@@V?$allocator@D@2@@2@PEAV32@00@Z 0000000180006e90 f i addon.obj
 0001:00005f00       ?_Xlen@?$basic_string@DU?$char_traits@D@std@@V?$allocator@D@2@@std@@SAXXZ 0000000180006f00 f i addon.obj
 0001:00005f20       ??$_Assign_range@PEAV?$basic_string@DU?$char_traits@D@std@@V?$allocator@D@2@@std@@@?$vector@V?$basic_string@DU?$char_traits@D@std@@V?$allocator@D@2@@std@@V?$allocator@V?$basic_string@DU?$char_traits@D@std@@V?$allocator@D@2@@std@@@2@@std@@AEAAXPEAV?$basic_string@DU?$char_traits@D@std@@V?$allocator@D@2@@1@0Uforward_iterator_tag@1@@Z 0000000180006f20 f i addon.obj
 0001:000060b0       ??$_Copy_unchecked@PEAV?$basic_string@DU?$char_traits@D@std@@V?$allocator@D@2@@std@@PEAV12@@std@@YAPEAV?$basic_string@DU?$char_traits@D@std@@V?$allocator@D@2@@0@PEAV10@00@Z 00000001800070b0 f i addon.obj
 0001:00006110       ??$_Insert_hint@AEAU?$pair@$$CBW4SIMCONNECT_DATATYPE@@H@std@@PEAU?$_Tree_node@U?$pair@$$CBW4SIMCONNECT_DATATYPE@@H@std@@PEAX@2@@?$_Tree@V?$_Tmap_traits@W4SIMCONNECT_DATATYPE@@HU?$less@W4SIMCONNECT_DATATYPE@@@std@@V?$allocator@U?$pair@$$CBW4SIMCONNECT_DATATYPE@@H@std@@@3@$0A@@std@@@std@@IEAA?AV?$_Tree_iterator@V?$_Tree_val@U?$_Tree_simple_types@U?$pair@$$CBW4SIMCONNECT_DATATYPE@@H@std@@@std@@@std@@@1@V?$_Tree_const_iterator@V?$_Tree_val@U?$_Tree_simple_types@U?$pair@$$CBW4SIMCONNECT_DATATYPE@@H@std@@@std@@@std@@@1@AEAU?$pair@$$CBW4SIMCONNECT_DATATYPE@@H@1@PEAU?$_Tree_node@U?$pair@$$CBW4SIMCONNECT_DATATYPE@@H@std@@PEAX@1@@Z 0000000180007110 f i addon.obj
 0001:000063f0       ??$_Insert_hint@AEAU?$pair@$$CBW4SIMCONNECT_EXCEPTION@@PEBD@std@@PEAU?$_Tree_node@U?$pair@$$CBW4SIMCONNECT_EXCEPTION@@PEBD@std@@PEAX@2@@?$_Tree@V?$_Tmap_traits@W4SIMCONNECT_EXCEPTION@@PEBDU?$less@W4SIMCONNECT_EXCEPTION@@@std@@V?$allocator@U?$pair@$$CBW4SIMCONNECT_EXCEPTION@@PEBD@std@@@3@$0A@@std@@@std@@IEAA?AV?$_Tree_iterator@V?$_Tree_val@U?$_Tree_simple_types@U?$pair@$$CBW4SIMCONNECT_EXCEPTION@@PEBD@std@@@std@@@std@@@1@V?$_Tree_const_iterator@V?$_Tree_val@U?$_Tree_simple_types@U?$pair@$$CBW4SIMCONNECT_EXCEPTION@@PEBD@std@@@std@@@std@@@1@AEAU?$pair@$$CBW4SIMCONNECT_EXCEPTION@@PEBD@1@PEAU?$_Tree_node@U?$pair@$$CBW4SIMCONNECT_EXCEPTION@@PEBD@std@@PEAX@1@@Z 00000001800073f0 f i addon.obj
 0001:000066d0       ?_Destroy_if_node@?$_Tree@V?$_Tmap_traits@W4SIMCONNECT_DATATYPE@@HU?$less@W4SIMCONNECT_DATATYPE@@@std@@V?$allocator@U?$pair@$$CBW4SIMCONNECT_DATATYPE@@H@std@@@3@$0A@@std@@@std@@IEAAXPEAU?$_Tree_node@U?$pair@$$CBW4SIMCONNECT_DATATYPE@@H@std@@PEAX@2@@Z 00000001800076d0 f i addon.obj
 0001:000066e0       ?_Destroy_if_node@?$_Tree@V?$_Tmap_traits@KPEAVCallback@Nan@@U?$less@K@std@@V?$allocator@U?$pair@$$CBKPEAVCallback@Nan@@@std@@@4@$0A@@std@@@std@@IEAAXPEAU?$_Tree_node@U?$pair@$$CBKPEAVCallback@Nan@@@std@@PEAX@2@@Z 00000001800076e0 f i addon.obj
 0001:000066e0       ?_Destroy_if_node@?$_Tree@V?$_Tmap_traits@W4SIMCONNECT_EXCEPTION@@PEBDU?$less@W4SIMCONNECT_EXCEPTION@@@std@@V?$allocator@U?$pair@$$CBW4SIMCONNECT_EXCEPTION@@PEBD@std@@@3@$0A@@std@@@std@@IEAAXPEAU?$_Tree_node@U?$pair@$$CBW4SIMCONNECT_EXCEPTION@@PEBD@std@@PEAX@2@@Z 00000001800076e0 f i addon.obj
 0001:000066f0       ??$_Insert_hint@AEAU?$pair@$$CBKPEAVCallback@Nan@@@std@@PEAU?$_Tree_node@U?$pair@$$CBKPEAVCallback@Nan@@@std@@PEAX@2@@?$_Tree@V?$_Tmap_traits@KPEAVCallback@Nan@@U?$less@K@std@@V?$allocator@U?$pair@$$CBKPEAVCallback@Nan@@@std@@@4@$0A@@std@@@std@@IEAA?AV?$_Tree_iterator@V?$_Tree_val@U?$_Tree_simple_types@U?$pair@$$CBKPEAVCallback@Nan@@@std@@@std@@@std@@@1@V?$_Tree_const_iterator@V?$_Tree_val@U?$_Tree_simple_types@U?$pair@$$CBKPEAVCallback@Nan@@@std@@@std@@@std@@@1@AEAU?$pair@$$CBKPEAVCallback@Nan@@@1@PEAU?$_Tree_node@U?$pair@$$CBKPEAVCallback@Nan@@@std@@PEAX@1@@Z 00000001800076f0 f i addon.obj
 0001:00006a10       ??$_Insert_hint@AEAU?$pair@$$CBKUDataDefinition@@@std@@PEAU?$_Tree_node@U?$pair@$$CBKUDataDefinition@@@std@@PEAX@2@@?$_Tree@V?$_Tmap_traits@KUDataDefinition@@U?$less@K@std@@V?$allocator@U?$pair@$$CBKUDataDefinition@@@std@@@3@$0A@@std@@@std@@IEAA?AV?$_Tree_iterator@V?$_Tree_val@U?$_Tree_simple_types@U?$pair@$$CBKUDataDefinition@@@std@@@std@@@std@@@1@V?$_Tree_const_iterator@V?$_Tree_val@U?$_Tree_simple_types@U?$pair@$$CBKUDataDefinition@@@std@@@std@@@std@@@1@AEAU?$pair@$$CBKUDataDefinition@@@1@PEAU?$_Tree_node@U?$pair@$$CBKUDataDefinition@@@std@@PEAX@1@@Z 0000000180007a10 f i addon.obj
 0001:00006cf0       ??$_Insert_at@AEAU?$pair@$$CBW4SIMCONNECT_DATATYPE@@H@std@@PEAU?$_Tree_node@U?$pair@$$CBW4SIMCONNECT_DATATYPE@@H@std@@PEAX@2@@?$_Tree@V?$_Tmap_traits@W4SIMCONNECT_DATATYPE@@HU?$less@W4SIMCONNECT_DATATYPE@@@std@@V?$allocator@U?$pair@$$CBW4SIMCONNECT_DATATYPE@@H@std@@@3@$0A@@std@@@std@@IEAA?AV?$_Tree_iterator@V?$_Tree_val@U?$_Tree_simple_types@U?$pair@$$CBW4SIMCONNECT_DATATYPE@@H@std@@@std@@@std@@@1@_NPEAU?$_Tree_node@U?$pair@$$CBW4SIMCONNECT_DATATYPE@@H@std@@PEAX@1@AEAU?$pair@$$CBW4SIMCONNECT_DATATYPE@@H@1@1@Z 0000000180007cf0 f i addon.obj
 0001:00006fc0       ??$_Insert_at@AEAU?$pair@$$CBW4SIMCONNECT_EXCEPTION@@PEBD@std@@PEAU?$_Tree_node@U?$pair@$$CBW4SIMCONNECT_EXCEPTION@@PEBD@std@@PEAX@2@@?$_Tree@V?$_Tmap_traits@W4SIMCONNECT_EXCEPTION@@PEBDU?$less@W4SIMCONNECT_EXCEPTION@@@std@@V?$allocator@U?$pair@$$CBW4SIMCONNECT_EXCEPTION@@PEBD@std@@@3@$0A@@std@@@std@@IEAA?AV?$_Tree_iterator@V?$_Tree_val@U?$_Tree_simple_types@U?$pair@$$CBW4SIMCONNECT_EXCEPTION@@PEBD@std@@@std@@@std@@@1@_NPEAU?$_Tree_node@U?$pair@$$CBW4SIMCONNECT_EXCEPTION@@PEBD@std@@PEAX@1@AEAU?$pair@$$CBW4SIMCONNECT_EXCEPTION@@PEBD@1@1@Z 0000000180007fc0 f i addon.obj
 0001:00007290       ?_Destroy_if_node@?$_Tree@V?$_Tmap_traits@KUDataDefinition@@U?$less@K@std@@V?$allocator@U?$pair@$$CBKUDataDefinition@@@std@@@3@$0A@@std@@@std@@IEAAXPEAU?$_Tree_node@U?$pair@$$CBKUDataDefinition@@@std@@PEAX@2@@Z 0000000180008290 f i addon.obj
 0001:000072c0       ??$_Insert_at@AEAU?$pair@$$CBKPEAVCallback@Nan@@@std@@PEAU?$_Tree_node@U?$pair@$$CBKPEAVCallback@Nan@@@std@@PEAX@2@@?$_Tree@V?$_Tmap_traits@KPEAVCallback@Nan@@U?$less@K@std@@V?$allocator@U?$pair@$$CBKPEAVCallback@Nan@@@std@@@4@$0A@@std@@@std@@IEAA?AV?$_Tree_iterator@V?$_Tree_val@U?$_Tree_simple_types@U?$pair@$$CBKPEAVCallback@Nan@@@std@@@std@@@std@@@1@_NPEAU?$_Tree_node@U?$pair@$$CBKPEAVCallback@Nan@@@std@@PEAX@1@AEAU?$pair@$$CBKPEAVCallback@Nan@@@1@1@Z 00000001800082c0 f i addon.obj
 0001:00007570       ??$_Insert_at@AEAU?$pair@$$CBKUDataDefinition@@@std@@PEAU?$_Tree_node@U?$pair@$$CBKUDataDefinition@@@std@@PEAX@2@@?$_Tree@V?$_Tmap_traits@KUDataDefinition@@U?$less@K@std@@V?$allocator@U?$pair@$$CBKUDataDefinition@@@std@@@3@$0A@@std@@@std@@IEAA?AV?$_Tree_iterator@V?$_Tree_val@U?$_Tree_simple_types@U?$pair@$$CBKUDataDefinition@@@std@@@std@@@std@@@1@_NPEAU?$_Tree_node@U?$pair@$$CBKUDataDefinition@@@std@@PEAX@1@AEAU?$pair@$$CBKUDataDefinition@@@1@1@Z 0000000180008570 f i addon.obj
 0001:0000783c       ??0bad_alloc@std@@QEAA@AEBV01@@Z 000000018000883c f i libcpmt:xthrow.obj
 0001:0000787c       ??0bad_alloc@std@@QEAA@XZ  000000018000887c f i libcpmt:xthrow.obj
 0001:0000789c       ??0exception@std@@QEAA@AEBV01@@Z 000000018000889c f i libcpmt:xthrow.obj
 0001:000078d4       ??0length_error@std@@QEAA@AEBV01@@Z 00000001800088d4 f i libcpmt:xthrow.obj
 0001:00007914       ??0length_error@std@@QEAA@PEBD@Z 0000000180008914 f i libcpmt:xthrow.obj
 0001:00007960       ??0logic_error@std@@QEAA@AEBV01@@Z 0000000180008960 f i libcpmt:xthrow.obj
 0001:000079a0       ??0out_of_range@std@@QEAA@AEBV01@@Z 00000001800089a0 f i libcpmt:xthrow.obj
 0001:000079e0       ??0out_of_range@std@@QEAA@PEBD@Z 00000001800089e0 f i libcpmt:xthrow.obj
 0001:00007a2c       ??1length_error@std@@UEAA@XZ 0000000180008a2c f i libcpmt:xthrow.obj
 0001:00007a2c       ??1out_of_range@std@@UEAA@XZ 0000000180008a2c f i libcpmt:xthrow.obj
 0001:00007a2c       ??1bad_alloc@std@@UEAA@XZ  0000000180008a2c f i libcpmt:xthrow.obj
 0001:00007a2c       ??1bad_exception@std@@UEAA@XZ 0000000180008a2c f i libvcruntime:frame.obj
 0001:00007a2c       ??1bad_array_new_length@std@@UEAA@XZ 0000000180008a2c f i LIBCMT:throw_bad_alloc.obj
 0001:00007a40       ??_Gbad_alloc@std@@UEAAPEAXI@Z 0000000180008a40 f i libcpmt:xthrow.obj
 0001:00007a40       ??_Gout_of_range@std@@UEAAPEAXI@Z 0000000180008a40 f i libcpmt:xthrow.obj
 0001:00007a40       ??_Glogic_error@std@@UEAAPEAXI@Z 0000000180008a40 f i libcpmt:xthrow.obj
 0001:00007a40       ??_Gbad_exception@std@@UEAAPEAXI@Z 0000000180008a40 f i libvcruntime:frame.obj
 0001:00007a40       ??_Ebad_array_new_length@std@@UEAAPEAXI@Z 0000000180008a40 f i LIBCMT:throw_bad_alloc.obj
 0001:00007a40       ??_Gbad_array_new_length@std@@UEAAPEAXI@Z 0000000180008a40 f i LIBCMT:throw_bad_alloc.obj
 0001:00007a40       ??_Elogic_error@std@@UEAAPEAXI@Z 0000000180008a40 f i libcpmt:xthrow.obj
 0001:00007a40       ??_Gexception@std@@UEAAPEAXI@Z 0000000180008a40 f i libcpmt:xthrow.obj
 0001:00007a40       ??_Eout_of_range@std@@UEAAPEAXI@Z 0000000180008a40 f i libcpmt:xthrow.obj
 0001:00007a40       ??_Elength_error@std@@UEAAPEAXI@Z 0000000180008a40 f i libcpmt:xthrow.obj
 0001:00007a40       ??_Eexception@std@@UEAAPEAXI@Z 0000000180008a40 f i libcpmt:xthrow.obj
 0001:00007a40       ??_Glength_error@std@@UEAAPEAXI@Z 0000000180008a40 f i libcpmt:xthrow.obj
 0001:00007a40       ??_Ebad_exception@std@@UEAAPEAXI@Z 0000000180008a40 f i libvcruntime:frame.obj
 0001:00007a40       ??_Ebad_alloc@std@@UEAAPEAXI@Z 0000000180008a40 f i libcpmt:xthrow.obj
 0001:00007a84       ?_Xlength_error@std@@YAXPEBD@Z 0000000180008a84 f   libcpmt:xthrow.obj
 0001:00007aa8       ?_Xout_of_range@std@@YAXPEBD@Z 0000000180008aa8 f   libcpmt:xthrow.obj
 0001:00007acc       ?what@exception@std@@UEBAPEBDXZ 0000000180008acc f i libcpmt:xthrow.obj
 0001:00007af0       __security_check_cookie    0000000180008af0 f   LIBCMT:amdsecgs.obj
 0001:00007b14       ??_V@YAXPEAX@Z             0000000180008b14 f   LIBCMT:delete_array.obj
 0001:00007b14       ??3@YAXPEAX_K@Z            0000000180008b14 f   LIBCMT:delete_scalar_size.obj
 0001:00007b1c       ??2@YAPEAX_K@Z             0000000180008b1c f   LIBCMT:new_scalar.obj
 0001:00007b58       __scrt_acquire_startup_lock 0000000180008b58 f   LIBCMT:utility.obj
 0001:00007b94       __scrt_dllmain_after_initialize_c 0000000180008b94 f   LIBCMT:utility.obj
 0001:00007bc8       __scrt_dllmain_before_initialize_c 0000000180008bc8 f   LIBCMT:utility.obj
 0001:00007be0       __scrt_dllmain_crt_thread_attach 0000000180008be0 f   LIBCMT:utility.obj
 0001:00007c08       __scrt_dllmain_crt_thread_detach 0000000180008c08 f   LIBCMT:utility.obj
 0001:00007c20       __scrt_dllmain_exception_filter 0000000180008c20 f   LIBCMT:utility.obj
 0001:00007c80       __scrt_dllmain_uninitialize_c 0000000180008c80 f   LIBCMT:utility.obj
 0001:00007cb0       __scrt_dllmain_uninitialize_critical 0000000180008cb0 f   LIBCMT:utility.obj
 0001:00007cc4       __scrt_initialize_crt      0000000180008cc4 f   LIBCMT:utility.obj
 0001:00007d10       __scrt_initialize_onexit_tables 0000000180008d10 f   LIBCMT:utility.obj
 0001:00007de8       __scrt_is_nonwritable_in_current_image 0000000180008de8 f   LIBCMT:utility.obj
 0001:00007e84       __scrt_release_startup_lock 0000000180008e84 f   LIBCMT:utility.obj
 0001:00007ea8       __scrt_uninitialize_crt    0000000180008ea8 f   LIBCMT:utility.obj
 0001:00007ed4       _onexit                    0000000180008ed4 f   LIBCMT:utility.obj
 0001:00007f24       atexit                     0000000180008f24 f   LIBCMT:utility.obj
 0001:0000826c       _DllMainCRTStartup         000000018000926c f   LIBCMT:dll_dllmain.obj
 0001:000082ac       ??_Etype_info@@UEAAPEAXI@Z 00000001800092ac f i LIBCMT:std_type_info_static.obj
 0001:000082ac       ??_Gtype_info@@UEAAPEAXI@Z 00000001800092ac f i LIBCMT:std_type_info_static.obj
 0001:000082d8       __raise_securityfailure    00000001800092d8 f   LIBCMT:gs_report.obj
 0001:0000830c       __report_gsfailure         000000018000930c f   LIBCMT:gs_report.obj
 0001:000083e0       __report_rangecheckfailure 00000001800093e0 f   LIBCMT:gs_report.obj
 0001:000083f4       __report_securityfailure   00000001800093f4 f   LIBCMT:gs_report.obj
 0001:00008574       ??3@YAXPEAX@Z              0000000180009574 f   LIBCMT:delete_scalar.obj
 0001:0000857c       ??0bad_array_new_length@std@@QEAA@AEBV01@@Z 000000018000957c f i LIBCMT:throw_bad_alloc.obj
 0001:000085bc       ??0bad_array_new_length@std@@QEAA@XZ 00000001800095bc f i LIBCMT:throw_bad_alloc.obj
 0001:000085dc       ?__scrt_throw_std_bad_alloc@@YAXXZ 00000001800095dc f   LIBCMT:throw_bad_alloc.obj
 0001:000085fc       ?__scrt_throw_std_bad_array_new_length@@YAXXZ 00000001800095fc f   LIBCMT:throw_bad_alloc.obj
 0001:0000861c       __isa_available_init       000000018000961c f   LIBCMT:cpu_disp.obj
 0001:000087d8       _get_startup_argv_mode     00000001800097d8 f   LIBCMT:argv_mode.obj
 0001:000087d8       DllMain                    00000001800097d8 f   LIBCMT:dll_dllmain_stub.obj
 0001:000087e0       __scrt_is_ucrt_dll_in_use  00000001800097e0 f   LIBCMT:ucrt_detection.obj
 0001:000087ec       __crt_debugger_hook        00000001800097ec f   LIBCMT:utility_desktop.obj
 0001:000087f4       __scrt_fastfail            00000001800097f4 f   LIBCMT:utility_desktop.obj
 0001:00008940       _guard_check_icall_nop     0000000180009940 f i LIBCMT:guard_support.obj
 0001:00008944       __security_init_cookie     0000000180009944 f   LIBCMT:gs_support.obj
 0001:000089f0       ?__scrt_initialize_type_info@@YAXXZ 00000001800099f0 f   LIBCMT:tncleanup.obj
 0001:00008a00       ?__scrt_uninitialize_type_info@@YAXXZ 0000000180009a00 f   LIBCMT:tncleanup.obj
 0001:00008a0c       __local_stdio_scanf_options 0000000180009a0c f i LIBCMT:default_local_stdio_options.obj
 0001:00008a14       __scrt_initialize_default_local_stdio_options 0000000180009a14 f   LIBCMT:default_local_stdio_options.obj
 0001:00008a30       __scrt_get_dyn_tls_init_callback 0000000180009a30 f   LIBCMT:dyn_tls_init.obj
 0001:00008a38       _RTC_Initialize            0000000180009a38 f   LIBCMT:initsect.obj
 0001:00008a74       _RTC_Terminate             0000000180009a74 f   LIBCMT:initsect.obj
 0001:00008ab0       _purecall                  0000000180009ab0 f   libvcruntime:purevirt.obj
 0001:00008ae0       __std_exception_copy       0000000180009ae0 f   libvcruntime:std_exception.obj
 0001:00008b70       __std_exception_destroy    0000000180009b70 f   libvcruntime:std_exception.obj
 0001:00008b98       _CxxThrowException         0000000180009b98 f   libvcruntime:throw.obj
 0001:00008c58       __vcrt_initialize          0000000180009c58 f   libvcruntime:initialization.obj
 0001:00008c8c       __vcrt_thread_attach       0000000180009c8c f   libvcruntime:initialization.obj
 0001:00008ca0       __vcrt_thread_detach       0000000180009ca0 f   libvcruntime:initialization.obj
 0001:00008cb4       __vcrt_uninitialize        0000000180009cb4 f   libvcruntime:initialization.obj
 0001:00008cd4       __vcrt_uninitialize_critical 0000000180009cd4 f   libvcruntime:initialization.obj
 0001:00008ce4       __C_specific_handler       0000000180009ce4 f   libvcruntime:riscchandler.obj
 0001:00008f00       memset_repmovs             0000000180009f00 f   libvcruntime:memset.obj
 0001:00008f20       memset                     0000000180009f20 f   libvcruntime:memset.obj
 0001:000090b0       __std_type_info_compare    000000018000a0b0 f   libvcruntime:std_type_info.obj
 0001:000090d8       __std_type_info_destroy_list 000000018000a0d8 f   libvcruntime:std_type_info.obj
 0001:00009104       __vcrt_initialize_pure_virtual_call_handler 000000018000a104 f   libvcruntime:purevirt_data.obj
 0001:00009114       __vcrt_freefls             000000018000a114 f   libvcruntime:per_thread_data.obj
 0001:00009134       __vcrt_freeptd             000000018000a134 f   libvcruntime:per_thread_data.obj
 0001:00009184       __vcrt_getptd              000000018000a184 f   libvcruntime:per_thread_data.obj
 0001:000091a0       __vcrt_getptd_noexit       000000018000a1a0 f   libvcruntime:per_thread_data.obj
 0001:0000926c       __vcrt_initialize_ptd      000000018000a26c f   libvcruntime:per_thread_data.obj
 0001:000092c0       __vcrt_uninitialize_ptd    000000018000a2c0 f   libvcruntime:per_thread_data.obj
 0001:000092e4       __vcrt_initialize_locks    000000018000a2e4 f   libvcruntime:locks.obj
 0001:0000932c       __vcrt_uninitialize_locks  000000018000a32c f   libvcruntime:locks.obj
 0001:0000953c       __vcrt_FlsAlloc            000000018000a53c f   libvcruntime:winapi_downlevel.obj
 0001:00009584       __vcrt_FlsFree             000000018000a584 f   libvcruntime:winapi_downlevel.obj
 0001:000095cc       __vcrt_FlsGetValue         000000018000a5cc f   libvcruntime:winapi_downlevel.obj
 0001:00009614       __vcrt_FlsSetValue         000000018000a614 f   libvcruntime:winapi_downlevel.obj
 0001:00009668       __vcrt_InitializeCriticalSectionEx 000000018000a668 f   libvcruntime:winapi_downlevel.obj
 0001:000096cc       __vcrt_initialize_winapi_thunks 000000018000a6cc f   libvcruntime:winapi_downlevel.obj
 0001:000096fc       __vcrt_uninitialize_winapi_thunks 000000018000a6fc f   libvcruntime:winapi_downlevel.obj
 0001:00009750       _NLG_Notify                000000018000a750 f   libvcruntime:notify.obj
 0001:00009770       __NLG_Dispatch2            000000018000a770 f   libvcruntime:notify.obj
 0001:00009780       __NLG_Return2              000000018000a780 f   libvcruntime:notify.obj
 0001:00009784       __except_validate_context_record 000000018000a784 f   libvcruntime:jbcxrval.obj
 0001:000097bc       __DestructExceptionObject  000000018000a7bc f   libvcruntime:ehhelpers.obj
 0001:00009830       ?_CallMemberFunction0@@YAXQEAX0@Z 000000018000a830 f i libvcruntime:ehhelpers.obj
 0001:00009834       _IsExceptionObjectToBeDestroyed 000000018000a834 f   libvcruntime:ehhelpers.obj
 0001:00009864       __AdjustPointer            000000018000a864 f   libvcruntime:ehhelpers.obj
 0001:00009888       __FrameUnwindFilter        000000018000a888 f   libvcruntime:ehhelpers.obj
 0001:000098d4       ??$_CallSETranslator@V__FrameHandler3@@@@YAHPEAUEHExceptionRecord@@PEA_KPEAU_CONTEXT@@PEAU_xDISPATCHER_CONTEXT@@PEBU_s_FuncInfo@@K1@Z 000000018000a8d4 f i libvcruntime:risctrnsctrl.obj
 0001:00009928       ?CatchTryBlock@__FrameHandler3@@SAPEBU_s_TryBlockMapEntry@@PEBU_s_FuncInfo@@H@Z 000000018000a928 f   libvcruntime:risctrnsctrl.obj
 0001:00009980       ?ExecutionInCatch@__FrameHandler3@@SA_NPEAU_xDISPATCHER_CONTEXT@@PEBU_s_FuncInfo@@@Z 000000018000a980 f   libvcruntime:risctrnsctrl.obj
 0001:000099ac       ?FrameUnwindToEmptyState@__FrameHandler3@@SAXPEA_KPEAU_xDISPATCHER_CONTEXT@@PEBU_s_FuncInfo@@@Z 000000018000a9ac f   libvcruntime:risctrnsctrl.obj
 0001:00009a10       ?GetEstablisherFrame@__FrameHandler3@@SAPEA_KPEA_KPEAU_xDISPATCHER_CONTEXT@@PEBU_s_FuncInfo@@0@Z 000000018000aa10 f   libvcruntime:risctrnsctrl.obj
 0001:00009adc       ?GetRangeOfTrysToCheck@__FrameHandler3@@SA?AU?$pair@Viterator@TryBlockMap@__FrameHandler3@@V123@@std@@AEAVTryBlockMap@1@HH@Z 000000018000aadc f   libvcruntime:risctrnsctrl.obj
 0001:00009c38       ?UnwindNestedFrames@__FrameHandler3@@SAXPEA_KPEAUEHExceptionRecord@@PEAU_CONTEXT@@0PEAXPEBU_s_FuncInfo@@HHPEBU_s_HandlerType@@PEAU_xDISPATCHER_CONTEXT@@E@Z 000000018000ac38 f   libvcruntime:risctrnsctrl.obj
 0001:00009d5c       _CreateFrameInfo           000000018000ad5c f   libvcruntime:risctrnsctrl.obj
 0001:00009d98       _FindAndUnlinkFrame        000000018000ad98 f   libvcruntime:risctrnsctrl.obj
 0001:00009dec       _GetImageBase              000000018000adec f   libvcruntime:risctrnsctrl.obj
 0001:00009e00       _GetThrowImageBase         000000018000ae00 f   libvcruntime:risctrnsctrl.obj
 0001:00009e14       _SetImageBase              000000018000ae14 f   libvcruntime:risctrnsctrl.obj
 0001:00009e2c       _SetThrowImageBase         000000018000ae2c f   libvcruntime:risctrnsctrl.obj
 0001:00009e44       __CxxFrameHandler3         000000018000ae44 f   libvcruntime:risctrnsctrl.obj
 0001:00009ee0       memcpy_repmovs             000000018000aee0 f   libvcruntime:memcpy.obj
 0001:00009f00       memcpy                     000000018000af00 f   libvcruntime:memcpy.obj
 0001:00009f00       memmove                    000000018000af00 f   libvcruntime:memcpy.obj
 0001:0000a338       ?GetCurrentState@__FrameHandler3@@SAHPEA_KPEAU_xDISPATCHER_CONTEXT@@PEBU_s_FuncInfo@@@Z 000000018000b338 f   libvcruntime:ehstate.obj
 0001:0000a360       ?GetUnwindTryBlock@__FrameHandler3@@SAHPEA_KPEAU_xDISPATCHER_CONTEXT@@PEBU_s_FuncInfo@@@Z 000000018000b360 f   libvcruntime:ehstate.obj
 0001:0000a38c       ?SetState@__FrameHandler3@@SAXPEA_KPEBU_s_FuncInfo@@H@Z 000000018000b38c f   libvcruntime:ehstate.obj
 0001:0000a398       ?SetUnwindTryBlock@__FrameHandler3@@SAXPEA_KPEAU_xDISPATCHER_CONTEXT@@PEBU_s_FuncInfo@@H@Z 000000018000b398 f   libvcruntime:ehstate.obj
 0001:0000a3d4       ?StateFromControlPc@__FrameHandler3@@SAHPEBU_s_FuncInfo@@PEAU_xDISPATCHER_CONTEXT@@@Z 000000018000b3d4 f   libvcruntime:ehstate.obj
 0001:0000a3dc       ?StateFromIp@__FrameHandler3@@SAHPEBU_s_FuncInfo@@PEAU_xDISPATCHER_CONTEXT@@_K@Z 000000018000b3dc f   libvcruntime:ehstate.obj
 0001:0000ae68       ??$TypeMatchHelper@$$CBU_s_HandlerType@@@@YAHPEBU_s_HandlerType@@PEBU_s_CatchableType@@PEBU_s_ThrowInfo@@@Z 000000018000be68 f i libvcruntime:frame.obj
 0001:0000afac       ??$__InternalCxxFrameHandler@V__FrameHandler3@@@@YA?AW4_EXCEPTION_DISPOSITION@@PEAUEHExceptionRecord@@PEA_KPEAU_CONTEXT@@PEAU_xDISPATCHER_CONTEXT@@PEBU_s_FuncInfo@@H1E@Z 000000018000bfac f i libvcruntime:frame.obj
 0001:0000b1f4       ??0bad_exception@std@@QEAA@AEBV01@@Z 000000018000c1f4 f i libvcruntime:frame.obj
 0001:0000b234       ??0bad_exception@std@@QEAA@XZ 000000018000c234 f i libvcruntime:frame.obj
 0001:0000b254       ?CxxCallCatchBlock@__FrameHandler3@@SAPEAXPEAU_EXCEPTION_RECORD@@@Z 000000018000c254 f   libvcruntime:frame.obj
 0001:0000b4c8       ?FrameUnwindToState@__FrameHandler3@@SAXPEA_KPEAU_xDISPATCHER_CONTEXT@@PEBU_s_FuncInfo@@H@Z 000000018000c4c8 f   libvcruntime:frame.obj
 0001:0000b65c       ?GetHandlerSearchState@__FrameHandler3@@SAHPEA_KPEAU_xDISPATCHER_CONTEXT@@PEBU_s_FuncInfo@@@Z 000000018000c65c f i libvcruntime:frame.obj
 0001:0000b860       ?_CallMemberFunction1@@YAXQEAX00@Z 000000018000c860 f i libvcruntime:frame.obj
 0001:0000b86c       ?_CallMemberFunction2@@YAXQEAX00H@Z 000000018000c86c f i libvcruntime:frame.obj
 0001:0000b890       _CallSettingFrame          000000018000c890 f   libvcruntime:handlers.obj
 0001:0000b8e0       _CallSettingFrameEncoded   000000018000c8e0 f   libvcruntime:handlers.obj
 0001:0000b928       __acrt_initialize_stdio    000000018000c928 f   libucrt:_file.obj
 0001:0000ba48       __acrt_iob_func            000000018000ca48 f   libucrt:_file.obj
 0001:0000ba5c       __acrt_uninitialize_stdio  000000018000ca5c f   libucrt:_file.obj
 0001:0000bab8       _lock_file                 000000018000cab8 f   libucrt:_file.obj
 0001:0000bac4       _unlock_file               000000018000cac4 f   libucrt:_file.obj
 0001:0000bef0       ??$ensure_buffer_is_big_enough@D@formatting_buffer@__crt_stdio_output@@QEAA_N_K@Z 000000018000cef0 f i libucrt:output.obj
 0001:0000bf98       ??$ensure_buffer_is_big_enough@_W@formatting_buffer@__crt_stdio_output@@QEAA_N_K@Z 000000018000cf98 f i libucrt:output.obj
 0001:0000c044       ??$is_wide_character_specifier@_W@__crt_stdio_output@@YA_N_K_WW4length_modifier@0@@Z 000000018000d044 f i libucrt:output.obj
 0001:0000c084       ??$type_case_integer_parse_into_buffer@I@?$output_processor@DV?$string_output_adapter@D@__crt_stdio_output@@V?$standard_base@DV?$string_output_adapter@D@__crt_stdio_output@@@2@@__crt_stdio_output@@AEAAXII_N@Z 000000018000d084 f i libucrt:output.obj
 0001:0000c084       ??$type_case_integer_parse_into_buffer@I@?$output_processor@DV?$stream_output_adapter@D@__crt_stdio_output@@V?$standard_base@DV?$stream_output_adapter@D@__crt_stdio_output@@@2@@__crt_stdio_output@@AEAAXII_N@Z 000000018000d084 f i libucrt:output.obj
 0001:0000c114       ??$type_case_integer_parse_into_buffer@I@?$output_processor@_WV?$stream_output_adapter@_W@__crt_stdio_output@@V?$standard_base@_WV?$stream_output_adapter@_W@__crt_stdio_output@@@2@@__crt_stdio_output@@AEAAXII_N@Z 000000018000d114 f i libucrt:output.obj
 0001:0000c114       ??$type_case_integer_parse_into_buffer@I@?$output_processor@_WV?$string_output_adapter@_W@__crt_stdio_output@@V?$standard_base@_WV?$string_output_adapter@_W@__crt_stdio_output@@@2@@__crt_stdio_output@@AEAAXII_N@Z 000000018000d114 f i libucrt:output.obj
 0001:0000c1b8       ??$type_case_integer_parse_into_buffer@_K@?$output_processor@DV?$stream_output_adapter@D@__crt_stdio_output@@V?$standard_base@DV?$stream_output_adapter@D@__crt_stdio_output@@@2@@__crt_stdio_output@@AEAAX_KI_N@Z 000000018000d1b8 f i libucrt:output.obj
 0001:0000c1b8       ??$type_case_integer_parse_into_buffer@_K@?$output_processor@DV?$string_output_adapter@D@__crt_stdio_output@@V?$standard_base@DV?$string_output_adapter@D@__crt_stdio_output@@@2@@__crt_stdio_output@@AEAAX_KI_N@Z 000000018000d1b8 f i libucrt:output.obj
 0001:0000c24c       ??$type_case_integer_parse_into_buffer@_K@?$output_processor@_WV?$string_output_adapter@_W@__crt_stdio_output@@V?$standard_base@_WV?$string_output_adapter@_W@__crt_stdio_output@@@2@@__crt_stdio_output@@AEAAX_KI_N@Z 000000018000d24c f i libucrt:output.obj
 0001:0000c24c       ??$type_case_integer_parse_into_buffer@_K@?$output_processor@_WV?$stream_output_adapter@_W@__crt_stdio_output@@V?$standard_base@_WV?$stream_output_adapter@_W@__crt_stdio_output@@@2@@__crt_stdio_output@@AEAAX_KI_N@Z 000000018000d24c f i libucrt:output.obj
 0001:0000c2f0       ??$write_multiple_characters@V?$stream_output_adapter@D@__crt_stdio_output@@D@__crt_stdio_output@@YAXAEBV?$stream_output_adapter@D@0@DHQEAH@Z 000000018000d2f0 f i libucrt:output.obj
 0001:0000c37c       ??$write_multiple_characters@V?$stream_output_adapter@_W@__crt_stdio_output@@D@__crt_stdio_output@@YAXAEBV?$stream_output_adapter@_W@0@DHQEAH@Z 000000018000d37c f i libucrt:output.obj
 0001:0000c410       ??$write_multiple_characters@V?$string_output_adapter@D@__crt_stdio_output@@D@__crt_stdio_output@@YAXAEBV?$string_output_adapter@D@0@DHQEAH@Z 000000018000d410 f i libucrt:output.obj
 0001:0000c488       ??$write_multiple_characters@V?$string_output_adapter@_W@__crt_stdio_output@@D@__crt_stdio_output@@YAXAEBV?$string_output_adapter@_W@0@DHQEAH@Z 000000018000d488 f i libucrt:output.obj
 0001:0000c504       ??0_LocaleUpdate@@QEAA@QEAU__crt_locale_pointers@@@Z 000000018000d504 f i libucrt:output.obj
 0001:0000c804       ?crop_zeroes@__crt_stdio_output@@YAXPEADQEAU__crt_locale_pointers@@@Z 000000018000d804 f i libucrt:output.obj
 0001:0000c870       ?force_decimal_point@__crt_stdio_output@@YAXPEADQEAU__crt_locale_pointers@@@Z 000000018000d870 f i libucrt:output.obj
 0001:0000c8e0       ?parse_int_from_format_string@?$output_processor@DV?$stream_output_adapter@D@__crt_stdio_output@@V?$standard_base@DV?$stream_output_adapter@D@__crt_stdio_output@@@2@@__crt_stdio_output@@AEAA_NQEAH@Z 000000018000d8e0 f i libucrt:output.obj
 0001:0000c8e0       ?parse_int_from_format_string@?$output_processor@DV?$string_output_adapter@D@__crt_stdio_output@@V?$standard_base@DV?$string_output_adapter@D@__crt_stdio_output@@@2@@__crt_stdio_output@@AEAA_NQEAH@Z 000000018000d8e0 f i libucrt:output.obj
 0001:0000c984       ?parse_int_from_format_string@?$output_processor@_WV?$string_output_adapter@_W@__crt_stdio_output@@V?$standard_base@_WV?$string_output_adapter@_W@__crt_stdio_output@@@2@@__crt_stdio_output@@AEAA_NQEAH@Z 000000018000d984 f i libucrt:output.obj
 0001:0000c984       ?parse_int_from_format_string@?$output_processor@_WV?$stream_output_adapter@_W@__crt_stdio_output@@V?$standard_base@_WV?$stream_output_adapter@_W@__crt_stdio_output@@@2@@__crt_stdio_output@@AEAA_NQEAH@Z 000000018000d984 f i libucrt:output.obj
 0001:0000ca28       ?process@?$output_processor@DV?$stream_output_adapter@D@__crt_stdio_output@@V?$standard_base@DV?$stream_output_adapter@D@__crt_stdio_output@@@2@@__crt_stdio_output@@QEAAHXZ 000000018000da28 f i libucrt:output.obj
 0001:0000cc40       ?process@?$output_processor@DV?$string_output_adapter@D@__crt_stdio_output@@V?$standard_base@DV?$string_output_adapter@D@__crt_stdio_output@@@2@@__crt_stdio_output@@QEAAHXZ 000000018000dc40 f i libucrt:output.obj
 0001:0000ce4c       ?process@?$output_processor@_WV?$stream_output_adapter@_W@__crt_stdio_output@@V?$standard_base@_WV?$stream_output_adapter@_W@__crt_stdio_output@@@2@@__crt_stdio_output@@QEAAHXZ 000000018000de4c f i libucrt:output.obj
 0001:0000d0b8       ?process@?$output_processor@_WV?$string_output_adapter@_W@__crt_stdio_output@@V?$standard_base@_WV?$string_output_adapter@_W@__crt_stdio_output@@@2@@__crt_stdio_output@@QEAAHXZ 000000018000e0b8 f i libucrt:output.obj
 0001:0000d334       ?state_case_normal@?$output_processor@DV?$stream_output_adapter@D@__crt_stdio_output@@V?$standard_base@DV?$stream_output_adapter@D@__crt_stdio_output@@@2@@__crt_stdio_output@@AEAA_NXZ 000000018000e334 f i libucrt:output.obj
 0001:0000d3a4       ?state_case_normal@?$output_processor@DV?$string_output_adapter@D@__crt_stdio_output@@V?$standard_base@DV?$string_output_adapter@D@__crt_stdio_output@@@2@@__crt_stdio_output@@AEAA_NXZ 000000018000e3a4 f i libucrt:output.obj
 0001:0000d418       ?state_case_normal_tchar@?$output_processor@DV?$stream_output_adapter@D@__crt_stdio_output@@V?$standard_base@DV?$stream_output_adapter@D@__crt_stdio_output@@@2@@__crt_stdio_output@@AEAA_ND@Z 000000018000e418 f i libucrt:output.obj
 0001:0000d4bc       ?state_case_normal_tchar@?$output_processor@DV?$string_output_adapter@D@__crt_stdio_output@@V?$standard_base@DV?$string_output_adapter@D@__crt_stdio_output@@@2@@__crt_stdio_output@@AEAA_ND@Z 000000018000e4bc f i libucrt:output.obj
 0001:0000d564       ?state_case_size@?$output_processor@DV?$stream_output_adapter@D@__crt_stdio_output@@V?$standard_base@DV?$stream_output_adapter@D@__crt_stdio_output@@@2@@__crt_stdio_output@@AEAA_NXZ 000000018000e564 f i libucrt:output.obj
 0001:0000d6d8       ?state_case_size@?$output_processor@DV?$string_output_adapter@D@__crt_stdio_output@@V?$standard_base@DV?$string_output_adapter@D@__crt_stdio_output@@@2@@__crt_stdio_output@@AEAA_NXZ 000000018000e6d8 f i libucrt:output.obj
 0001:0000d84c       ?state_case_size@?$output_processor@_WV?$stream_output_adapter@_W@__crt_stdio_output@@V?$standard_base@_WV?$stream_output_adapter@_W@__crt_stdio_output@@@2@@__crt_stdio_output@@AEAA_NXZ 000000018000e84c f i libucrt:output.obj
 0001:0000d9e4       ?state_case_size@?$output_processor@_WV?$string_output_adapter@_W@__crt_stdio_output@@V?$standard_base@_WV?$string_output_adapter@_W@__crt_stdio_output@@@2@@__crt_stdio_output@@AEAA_NXZ 000000018000e9e4 f i libucrt:output.obj
 0001:0000db7c       ?state_case_type@?$output_processor@DV?$stream_output_adapter@D@__crt_stdio_output@@V?$standard_base@DV?$stream_output_adapter@D@__crt_stdio_output@@@2@@__crt_stdio_output@@AEAA_NXZ 000000018000eb7c f i libucrt:output.obj
 0001:0000de00       ?state_case_type@?$output_processor@DV?$string_output_adapter@D@__crt_stdio_output@@V?$standard_base@DV?$string_output_adapter@D@__crt_stdio_output@@@2@@__crt_stdio_output@@AEAA_NXZ 000000018000ee00 f i libucrt:output.obj
 0001:0000e068       ?state_case_type@?$output_processor@_WV?$stream_output_adapter@_W@__crt_stdio_output@@V?$standard_base@_WV?$stream_output_adapter@_W@__crt_stdio_output@@@2@@__crt_stdio_output@@AEAA_NXZ 000000018000f068 f i libucrt:output.obj
 0001:0000e348       ?state_case_type@?$output_processor@_WV?$string_output_adapter@_W@__crt_stdio_output@@V?$standard_base@_WV?$string_output_adapter@_W@__crt_stdio_output@@@2@@__crt_stdio_output@@AEAA_NXZ 000000018000f348 f i libucrt:output.obj
 0001:0000e614       ?type_case_Z@?$output_processor@DV?$stream_output_adapter@D@__crt_stdio_output@@V?$standard_base@DV?$stream_output_adapter@D@__crt_stdio_output@@@2@@__crt_stdio_output@@AEAA_NXZ 000000018000f614 f i libucrt:output.obj
 0001:0000e614       ?type_case_Z@?$output_processor@DV?$string_output_adapter@D@__crt_stdio_output@@V?$standard_base@DV?$string_output_adapter@D@__crt_stdio_output@@@2@@__crt_stdio_output@@AEAA_NXZ 000000018000f614 f i libucrt:output.obj
 0001:0000e68c       ?type_case_Z@?$output_processor@_WV?$string_output_adapter@_W@__crt_stdio_output@@V?$standard_base@_WV?$string_output_adapter@_W@__crt_stdio_output@@@2@@__crt_stdio_output@@AEAA_NXZ 000000018000f68c f i libucrt:output.obj
 0001:0000e68c       ?type_case_Z@?$output_processor@_WV?$stream_output_adapter@_W@__crt_stdio_output@@V?$standard_base@_WV?$stream_output_adapter@_W@__crt_stdio_output@@@2@@__crt_stdio_output@@AEAA_NXZ 000000018000f68c f i libucrt:output.obj
 0001:0000e708       ?type_case_a@?$output_processor@DV?$string_output_adapter@D@__crt_stdio_output@@V?$standard_base@DV?$string_output_adapter@D@__crt_stdio_output@@@2@@__crt_stdio_output@@AEAA_NXZ 000000018000f708 f i libucrt:output.obj
 0001:0000e708       ?type_case_a@?$output_processor@DV?$stream_output_adapter@D@__crt_stdio_output@@V?$standard_base@DV?$stream_output_adapter@D@__crt_stdio_output@@@2@@__crt_stdio_output@@AEAA_NXZ 000000018000f708 f i libucrt:output.obj
 0001:0000e8c4       ?type_case_a@?$output_processor@_WV?$stream_output_adapter@_W@__crt_stdio_output@@V?$standard_base@_WV?$stream_output_adapter@_W@__crt_stdio_output@@@2@@__crt_stdio_output@@AEAA_NXZ 000000018000f8c4 f i libucrt:output.obj
 0001:0000e8c4       ?type_case_a@?$output_processor@_WV?$string_output_adapter@_W@__crt_stdio_output@@V?$standard_base@_WV?$string_output_adapter@_W@__crt_stdio_output@@@2@@__crt_stdio_output@@AEAA_NXZ 000000018000f8c4 f i libucrt:output.obj
 0001:0000eaa4       ?type_case_c_tchar@?$output_processor@DV?$string_output_adapter@D@__crt_stdio_output@@V?$standard_base@DV?$string_output_adapter@D@__crt_stdio_output@@@2@@__crt_stdio_output@@AEAA_ND@Z 000000018000faa4 f i libucrt:output.obj
 0001:0000eaa4       ?type_case_c_tchar@?$output_processor@DV?$stream_output_adapter@D@__crt_stdio_output@@V?$standard_base@DV?$stream_output_adapter@D@__crt_stdio_output@@@2@@__crt_stdio_output@@AEAA_ND@Z 000000018000faa4 f i libucrt:output.obj
 0001:0000eb60       ?type_case_c_tchar@?$output_processor@_WV?$stream_output_adapter@_W@__crt_stdio_output@@V?$standard_base@_WV?$stream_output_adapter@_W@__crt_stdio_output@@@2@@__crt_stdio_output@@AEAA_N_W@Z 000000018000fb60 f i libucrt:output.obj
 0001:0000eb60       ?type_case_c_tchar@?$output_processor@_WV?$string_output_adapter@_W@__crt_stdio_output@@V?$standard_base@_WV?$string_output_adapter@_W@__crt_stdio_output@@@2@@__crt_stdio_output@@AEAA_N_W@Z 000000018000fb60 f i libucrt:output.obj
 0001:0000ec08       ?type_case_integer@?$output_processor@DV?$stream_output_adapter@D@__crt_stdio_output@@V?$standard_base@DV?$stream_output_adapter@D@__crt_stdio_output@@@2@@__crt_stdio_output@@AEAA_NI_N@Z 000000018000fc08 f i libucrt:output.obj
 0001:0000ec08       ?type_case_integer@?$output_processor@DV?$string_output_adapter@D@__crt_stdio_output@@V?$standard_base@DV?$string_output_adapter@D@__crt_stdio_output@@@2@@__crt_stdio_output@@AEAA_NI_N@Z 000000018000fc08 f i libucrt:output.obj
 0001:0000edd0       ?type_case_integer@?$output_processor@_WV?$stream_output_adapter@_W@__crt_stdio_output@@V?$standard_base@_WV?$stream_output_adapter@_W@__crt_stdio_output@@@2@@__crt_stdio_output@@AEAA_NI_N@Z 000000018000fdd0 f i libucrt:output.obj
 0001:0000edd0       ?type_case_integer@?$output_processor@_WV?$string_output_adapter@_W@__crt_stdio_output@@V?$standard_base@_WV?$string_output_adapter@_W@__crt_stdio_output@@@2@@__crt_stdio_output@@AEAA_NI_N@Z 000000018000fdd0 f i libucrt:output.obj
 0001:0000ef9c       ?type_case_n@?$output_processor@_WV?$stream_output_adapter@_W@__crt_stdio_output@@V?$standard_base@_WV?$stream_output_adapter@_W@__crt_stdio_output@@@2@@__crt_stdio_output@@AEAA_NXZ 000000018000ff9c f i libucrt:output.obj
 0001:0000ef9c       ?type_case_n@?$output_processor@DV?$stream_output_adapter@D@__crt_stdio_output@@V?$standard_base@DV?$stream_output_adapter@D@__crt_stdio_output@@@2@@__crt_stdio_output@@AEAA_NXZ 000000018000ff9c f i libucrt:output.obj
 0001:0000ef9c       ?type_case_n@?$output_processor@DV?$string_output_adapter@D@__crt_stdio_output@@V?$standard_base@DV?$string_output_adapter@D@__crt_stdio_output@@@2@@__crt_stdio_output@@AEAA_NXZ 000000018000ff9c f i libucrt:output.obj
 0001:0000ef9c       ?type_case_n@?$output_processor@_WV?$string_output_adapter@_W@__crt_stdio_output@@V?$standard_base@_WV?$string_output_adapter@_W@__crt_stdio_output@@@2@@__crt_stdio_output@@AEAA_NXZ 000000018000ff9c f i libucrt:output.obj
 0001:0000f078       ?type_case_s@?$output_processor@DV?$string_output_adapter@D@__crt_stdio_output@@V?$standard_base@DV?$string_output_adapter@D@__crt_stdio_output@@@2@@__crt_stdio_output@@AEAA_NXZ 0000000180010078 f i libucrt:output.obj
 0001:0000f078       ?type_case_s@?$output_processor@DV?$stream_output_adapter@D@__crt_stdio_output@@V?$standard_base@DV?$stream_output_adapter@D@__crt_stdio_output@@@2@@__crt_stdio_output@@AEAA_NXZ 0000000180010078 f i libucrt:output.obj
 0001:0000f110       ?type_case_s@?$output_processor@_WV?$string_output_adapter@_W@__crt_stdio_output@@V?$standard_base@_WV?$string_output_adapter@_W@__crt_stdio_output@@@2@@__crt_stdio_output@@AEAA_NXZ 0000000180010110 f i libucrt:output.obj
 0001:0000f110       ?type_case_s@?$output_processor@_WV?$stream_output_adapter@_W@__crt_stdio_output@@V?$standard_base@_WV?$stream_output_adapter@_W@__crt_stdio_output@@@2@@__crt_stdio_output@@AEAA_NXZ 0000000180010110 f i libucrt:output.obj
 0001:0000f1d8       ?validate_stream_is_ansi_if_required@?$__acrt_stdio_char_traits@D@@SA_NQEAU_iobuf@@@Z 00000001800101d8 f i libucrt:output.obj
 0001:0000f274       ?write_stored_string_tchar@?$output_processor@DV?$stream_output_adapter@D@__crt_stdio_output@@V?$standard_base@DV?$stream_output_adapter@D@__crt_stdio_output@@@2@@__crt_stdio_output@@AEAA_ND@Z 0000000180010274 f i libucrt:output.obj
 0001:0000f398       ?write_stored_string_tchar@?$output_processor@DV?$string_output_adapter@D@__crt_stdio_output@@V?$standard_base@DV?$string_output_adapter@D@__crt_stdio_output@@@2@@__crt_stdio_output@@AEAA_ND@Z 0000000180010398 f i libucrt:output.obj
 0001:0000f470       ?write_stored_string_tchar@?$output_processor@_WV?$stream_output_adapter@_W@__crt_stdio_output@@V?$standard_base@_WV?$stream_output_adapter@_W@__crt_stdio_output@@@2@@__crt_stdio_output@@AEAA_N_W@Z 0000000180010470 f i libucrt:output.obj
 0001:0000f578       ?write_stored_string_tchar@?$output_processor@_WV?$string_output_adapter@_W@__crt_stdio_output@@V?$standard_base@_WV?$string_output_adapter@_W@__crt_stdio_output@@@2@@__crt_stdio_output@@AEAA_N_W@Z 0000000180010578 f i libucrt:output.obj
 0001:0000f664       ?write_string@?$string_output_adapter@D@__crt_stdio_output@@QEBAXQEBDHQEAHAEAV__crt_deferred_errno_cache@@@Z 0000000180010664 f i libucrt:output.obj
 0001:0000f708       ?write_string@?$string_output_adapter@_W@__crt_stdio_output@@QEBAXQEB_WHQEAHAEAV__crt_deferred_errno_cache@@@Z 0000000180010708 f i libucrt:output.obj
 0001:0000f7b0       ?write_string_impl@?$output_adapter_common@DV?$stream_output_adapter@D@__crt_stdio_output@@@__crt_stdio_output@@IEBAXQEBDHQEAHAEAV__crt_deferred_errno_cache@@@Z 00000001800107b0 f i libucrt:output.obj
 0001:0000f8a8       ?write_string_impl@?$output_adapter_common@_WV?$stream_output_adapter@_W@__crt_stdio_output@@@__crt_stdio_output@@IEBAXQEB_WHQEAHAEAV__crt_deferred_errno_cache@@@Z 00000001800108a8 f i libucrt:output.obj
 0001:0000f9ac       __stdio_common_vfprintf    00000001800109ac f   libucrt:output.obj
 0001:0000fa38       __stdio_common_vfwprintf   0000000180010a38 f   libucrt:output.obj
 0001:0000fac4       __stdio_common_vsprintf    0000000180010ac4 f   libucrt:output.obj
 0001:0000facc       __stdio_common_vswprintf   0000000180010acc f   libucrt:output.obj
 0001:0000fad4       free                       0000000180010ad4 f   libucrt:free.obj
 0001:00010200       ??$ftprintf@PEAU_iobuf@@PEB_WAEBQEB_WAEBQEB_WAEBI@?$__crt_char_traits@_W@@SAH$$QEAPEAU_iobuf@@$$QEAPEB_WAEBQEB_W2AEBI@Z 0000000180011200 f i libucrt:assert.obj
 0001:00010228       _wassert                   0000000180011228 f   libucrt:assert.obj
 0001:0001029c       fwprintf                   000000018001129c f i libucrt:assert.obj
 0001:000102e0       swprintf                   00000001800112e0 f i libucrt:assert.obj
 0001:00010334       __acrt_call_reportfault    0000000180011334 f   libucrt:invalid_parameter.obj
 0001:00010490       __acrt_initialize_invalid_parameter_handler 0000000180011490 f   libucrt:invalid_parameter.obj
 0001:00010498       _invalid_parameter         0000000180011498 f   libucrt:invalid_parameter.obj
 0001:00010548       _invalid_parameter_noinfo  0000000180011548 f   libucrt:invalid_parameter.obj
 0001:00010568       _invalid_parameter_noinfo_noreturn 0000000180011568 f   libucrt:invalid_parameter.obj
 0001:00010598       _invoke_watson             0000000180011598 f   libucrt:invalid_parameter.obj
 0001:000105e0       malloc                     00000001800115e0 f   libucrt:malloc.obj
 0001:000105e8       __acrt_initialize_new_handler 00000001800115e8 f   libucrt:new_handler.obj
 0001:000105f0       _callnewh                  00000001800115f0 f   libucrt:new_handler.obj
 0001:00010620       _query_new_handler         0000000180011620 f   libucrt:new_handler.obj
 0001:00010654       _seh_filter_dll            0000000180011654 f   libucrt:exception_filter.obj
 0001:00010668       _seh_filter_exe            0000000180011668 f   libucrt:exception_filter.obj
 0001:00010a58       __acrt_initialize_thread_local_exit_callback 0000000180011a58 f   libucrt:exit.obj
 0001:00010a60       _cexit                     0000000180011a60 f   libucrt:exit.obj
 0001:00010a70       _exit                      0000000180011a70 f   libucrt:exit.obj
 0001:00010a7c       _is_c_termination_complete 0000000180011a7c f   libucrt:exit.obj
 0001:00010c48       __acrt_allocate_buffer_for_argv 0000000180011c48 f   libucrt:argv_parsing.obj
 0001:00010ca8       _configure_narrow_argv     0000000180011ca8 f   libucrt:argv_parsing.obj
 0001:00011020       __dcrt_uninitialize_environments_nolock 0000000180012020 f   libucrt:environment_initialization.obj
 0001:00011058       _initialize_narrow_environment 0000000180012058 f   libucrt:environment_initialization.obj
 0001:000113a0       _crt_atexit                00000001800123a0 f   libucrt:onexit.obj
 0001:000113b0       _execute_onexit_table      00000001800123b0 f   libucrt:onexit.obj
 0001:000113ec       _initialize_onexit_table   00000001800123ec f   libucrt:onexit.obj
 0001:00011414       _register_onexit_function  0000000180012414 f   libucrt:onexit.obj
 0001:00011494       __acrt_uninitialize_command_line 0000000180012494 f   libucrt:argv_data.obj
 0001:0001158c       __acrt_initialize          000000018001258c f   libucrt:initialization.obj
 0001:000115a0       __acrt_thread_attach       00000001800125a0 f   libucrt:initialization.obj
 0001:000115b4       __acrt_thread_detach       00000001800125b4 f   libucrt:initialization.obj
 0001:000115c4       __acrt_uninitialize        00000001800125c4 f   libucrt:initialization.obj
 0001:000115fc       __acrt_uninitialize_critical 00000001800125fc f   libucrt:initialization.obj
 0001:0001160c       _initterm                  000000018001260c f   libucrt:initterm.obj
 0001:00011670       _initterm_e                0000000180012670 f   libucrt:initterm.obj
 0001:000116b0       terminate                  00000001800126b0 f   libucrt:terminate.obj
 0001:000116d0       abort                      00000001800126d0 f   libucrt:abort.obj
 0001:00011728       strcpy_s                   0000000180012728 f   libucrt:strcpy_s.obj
 0001:00011788       calloc                     0000000180012788 f   libucrt:calloc.obj
 0001:00011790       wcsncmp                    0000000180012790 f   libucrt:wcsncmp.obj
 0001:000117bc       ??$parse_integer@KV?$c_string_character_source@D@__crt_strtox@@@__crt_strtox@@YAKQEAU__crt_locale_pointers@@V?$c_string_character_source@D@0@H_N@Z 00000001800127bc f i libucrt:atox.obj
 0001:00011af8       ??$parse_integer@KV?$c_string_character_source@_W@__crt_strtox@@@__crt_strtox@@YAKQEAU__crt_locale_pointers@@V?$c_string_character_source@_W@0@H_N@Z 0000000180012af8 f i libucrt:atox.obj
 0001:000121c0       strncmp                    00000001800131c0 f   libucrt:strncmp.obj
 0001:00012240       __acrt_errno_from_os_error 0000000180013240 f   libucrt:errno.obj
 0001:00012288       __acrt_errno_map_os_error  0000000180013288 f   libucrt:errno.obj
 0001:000122d8       __doserrno                 00000001800132d8 f   libucrt:errno.obj
 0001:000122f8       _errno                     00000001800132f8 f   libucrt:errno.obj
 0001:00012318       _calloc_base               0000000180013318 f   libucrt:calloc_base.obj
 0001:00012390       _free_base                 0000000180013390 f   libucrt:free_base.obj
 0001:000125a8       __acrt_AppPolicyGetProcessTerminationMethodInternal 00000001800135a8 f   libucrt:winapi_thunks.obj
 0001:000125f8       __acrt_AppPolicyGetShowDeveloperDiagnosticInternal 00000001800135f8 f   libucrt:winapi_thunks.obj
 0001:00012648       __acrt_AppPolicyGetWindowingModelInternal 0000000180013648 f   libucrt:winapi_thunks.obj
 0001:00012698       __acrt_AreFileApisANSI     0000000180013698 f   libucrt:winapi_thunks.obj
 0001:000126d4       __acrt_FlsAlloc            00000001800136d4 f   libucrt:winapi_thunks.obj
 0001:0001271c       __acrt_FlsFree             000000018001371c f   libucrt:winapi_thunks.obj
 0001:00012764       __acrt_FlsGetValue         0000000180013764 f   libucrt:winapi_thunks.obj
 0001:000127ac       __acrt_FlsSetValue         00000001800137ac f   libucrt:winapi_thunks.obj
 0001:00012800       __acrt_InitializeCriticalSectionEx 0000000180013800 f   libucrt:winapi_thunks.obj
 0001:00012864       __acrt_LCMapStringEx       0000000180013864 f   libucrt:winapi_thunks.obj
 0001:00012940       __acrt_LocaleNameToLCID    0000000180013940 f   libucrt:winapi_thunks.obj
 0001:00012990       __acrt_MessageBoxW         0000000180013990 f   libucrt:winapi_thunks.obj
 0001:00012a04       __acrt_can_show_message_box 0000000180013a04 f   libucrt:winapi_thunks.obj
 0001:00012a74       __acrt_get_parent_window   0000000180013a74 f   libucrt:winapi_thunks.obj
 0001:00012aec       __acrt_initialize_winapi_thunks 0000000180013aec f   libucrt:winapi_thunks.obj
 0001:00012b20       __acrt_is_interactive      0000000180013b20 f   libucrt:winapi_thunks.obj
 0001:00012be8       __acrt_uninitialize_winapi_thunks 0000000180013be8 f   libucrt:winapi_thunks.obj
 0001:00012c2c       _fcloseall                 0000000180013c2c f   libucrt:closeall.obj
 0001:00012efc       __acrt_stdio_flush_nolock  0000000180013efc f   libucrt:fflush.obj
 0001:00012f78       _fflush_nolock             0000000180013f78 f   libucrt:fflush.obj
 0001:00012fc4       _flushall                  0000000180013fc4 f   libucrt:fflush.obj
 0001:00012fcc       fflush                     0000000180013fcc f   libucrt:fflush.obj
 0001:00013034       __acrt_stdio_free_buffer_nolock 0000000180014034 f   libucrt:_freebuf.obj
 0001:00013270       __acrt_initialize_lowio    0000000180014270 f   libucrt:ioinit.obj
 0001:000132ac       __acrt_uninitialize_lowio  00000001800142ac f   libucrt:ioinit.obj
 0001:000132ec       isdigit                    00000001800142ec f i libucrt:_ctype.obj
 0001:000133e0       _tolower_l                 00000001800143e0 f   libucrt:tolower_toupper.obj
 0001:00013520       tolower                    0000000180014520 f   libucrt:tolower_toupper.obj
 0001:0001354c       _malloc_base               000000018001454c f   libucrt:malloc_base.obj
 0001:000135ac       strtol                     00000001800145ac f   libucrt:strtox.obj
 0001:000135d8       wcstol                     00000001800145d8 f   libucrt:strtox.obj
 0001:00013604       _mbtowc_l                  0000000180014604 f   libucrt:mbtowc.obj
 0001:00013780       mbtowc                     0000000180014780 f   libucrt:mbtowc.obj
 0001:00013788       _wctomb_s_l                0000000180014788 f   libucrt:wctomb.obj
 0001:00013928       wctomb_s                   0000000180014928 f   libucrt:wctomb.obj
 0001:0001393c       strnlen                    000000018001493c f   libucrt:strnlen.obj
 0001:00013a8c       wcsnlen                    0000000180014a8c f   libucrt:strnlen.obj
 0001:00013fdc       __acrt_freeptd             0000000180014fdc f   libucrt:per_thread_data.obj
 0001:00014020       __acrt_getptd              0000000180015020 f   libucrt:per_thread_data.obj
 0001:000140f4       __acrt_getptd_head         00000001800150f4 f   libucrt:per_thread_data.obj
 0001:0001419c       __acrt_getptd_noexit       000000018001519c f   libucrt:per_thread_data.obj
 0001:00014268       __acrt_initialize_ptd      0000000180015268 f   libucrt:per_thread_data.obj
 0001:000142a4       __acrt_uninitialize_ptd    00000001800152a4 f   libucrt:per_thread_data.obj
 0001:000142c8       __acrt_update_locale_info  00000001800152c8 f   libucrt:locale_update.obj
 0001:000142fc       __acrt_update_multibyte_info 00000001800152fc f   libucrt:locale_update.obj
 0001:00014d04       __acrt_fp_format           0000000180015d04 f   libucrt:cvt.obj
 0001:00014f8c       _fputwc_nolock             0000000180015f8c f   libucrt:fputwc.obj
 0001:00015108       _fileno                    0000000180016108 f   libucrt:fileno.obj
 0001:00015130       _fputc_nolock              0000000180016130 f   libucrt:fputc.obj
 0001:00015148       _get_printf_count_output   0000000180016148 f   libucrt:printf_count_output.obj
 0001:00015160       __acrt_stdio_begin_temporary_buffering_nolock 0000000180016160 f   libucrt:_sftbuf.obj
 0001:00015230       __acrt_stdio_end_temporary_buffering_nolock 0000000180016230 f   libucrt:_sftbuf.obj
 0001:000152dc       __acrt_set_locale_changed  00000001800162dc f   libucrt:wsetlocale.obj
 0001:000152e8       __acrt_uninitialize_locale 00000001800162e8 f   libucrt:wsetlocale.obj
 0001:00015318       _query_app_type            0000000180016318 f   libucrt:report_runtime_error.obj
 0001:00015460       _itow_s                    0000000180016460 f   libucrt:xtoa.obj
 0001:00015480       _set_error_mode            0000000180016480 f   libucrt:set_error_mode.obj
 0001:000154c0       wcscat_s                   00000001800164c0 f   libucrt:wcscat_s.obj
 0001:00015540       wcscpy_s                   0000000180016540 f   libucrt:wcscpy_s.obj
 0001:000155a8       wcsncat_s                  00000001800165a8 f   libucrt:wcsncat_s.obj
 0001:000156a8       ??$__acrt_wcs_to_mbs_cp@U__crt_win32_buffer_no_resizing@@@@YAHQEB_WAEAV?$__crt_win32_buffer@DU__crt_win32_buffer_no_resizing@@@@I@Z 00000001800166a8 f i libucrt:getmodulefilenamea.obj
 0001:000157bc       __acrt_GetModuleFileNameA  00000001800167bc f   libucrt:getmodulefilenamea.obj
 0001:000158dc       __acrt_show_wide_message_box 00000001800168dc f   libucrt:crtmbox.obj
 0001:00015aa0       setvbuf                    0000000180016aa0 f   libucrt:setvbuf.obj
 0001:00015b84       __acrt_get_sigabrt_handler 0000000180016b84 f   libucrt:signal.obj
 0001:00015bb4       __acrt_initialize_signal_handlers 0000000180016bb4 f   libucrt:signal.obj
 0001:00015bd4       raise                      0000000180016bd4 f   libucrt:signal.obj
 0001:00015e40       __acrt_initialize_locks    0000000180016e40 f   libucrt:locks.obj
 0001:00015e88       __acrt_lock                0000000180016e88 f   libucrt:locks.obj
 0001:00015ea4       __acrt_uninitialize_locks  0000000180016ea4 f   libucrt:locks.obj
 0001:00015edc       __acrt_unlock              0000000180016edc f   libucrt:locks.obj
 0001:00015ef8       __acrt_get_developer_information_policy 0000000180016ef8 f   libucrt:win_policies.obj
 0001:00015f4c       __acrt_get_process_end_policy 0000000180016f4c f   libucrt:win_policies.obj
 0001:00015f88       __acrt_get_windowing_model_policy 0000000180016f88 f   libucrt:win_policies.obj
 0001:00016008       ??$__acrt_mbs_to_wcs_cp@U__crt_win32_buffer_internal_dynamic_resizing@@@@YAHQEBDAEAV?$__crt_win32_buffer@_WU__crt_win32_buffer_internal_dynamic_resizing@@@@I@Z 0000000180017008 f i libucrt:argv_wildcards.obj
 0001:00016180       ??$__acrt_wcs_to_mbs_cp@U__crt_win32_buffer_internal_dynamic_resizing@@@@YAHQEB_WAEAV?$__crt_win32_buffer@DU__crt_win32_buffer_internal_dynamic_resizing@@@@I@Z 0000000180017180 f i libucrt:argv_wildcards.obj
 0001:000169b0       __acrt_expand_narrow_argv_wildcards 00000001800179b0 f   libucrt:argv_wildcards.obj
 0001:000170e4       __acrt_initialize_multibyte 00000001800180e4 f   libucrt:mbctype.obj
 0001:00017144       __acrt_update_thread_multibyte_data 0000000180018144 f   libucrt:mbctype.obj
 0001:00017160       _setmbcp_nolock            0000000180018160 f   libucrt:mbctype.obj
 0001:00017494       _ismbblead                 0000000180018494 f   libucrt:ismbbyte.obj
 0001:000174a8       __acrt_initialize_command_line 00000001800184a8 f   libucrt:argv_data.obj
 0001:000174d0       __acrt_MultiByteToWideChar 00000001800184d0 f   libucrt:multibytetowidechar.obj
 0001:0001752c       __acrt_WideCharToMultiByte 000000018001852c f   libucrt:widechartomultibyte.obj
 0001:000175c4       __dcrt_get_narrow_environment_from_os 00000001800185c4 f   libucrt:get_environment_from_os.obj
 0001:000176c8       _recalloc_base             00000001800186c8 f   libucrt:recalloc.obj
 0001:00017760       __acrt_initialize_heap     0000000180018760 f   libucrt:heap_handle.obj
 0001:0001777c       __acrt_uninitialize_heap   000000018001877c f   libucrt:heap_handle.obj
 0001:00017788       __acrt_execute_initializers 0000000180018788 f   libucrt:shared_initialization.obj
 0001:00017808       __acrt_execute_uninitializers 0000000180018808 f   libucrt:shared_initialization.obj
 0001:00017844       __acrt_has_user_matherr    0000000180018844 f   libucrt:matherr.obj
 0001:00017864       __acrt_initialize_user_matherr 0000000180018864 f   libucrt:matherr.obj
 0001:0001786c       __acrt_invoke_user_matherr 000000018001886c f   libucrt:matherr.obj
 0001:0001789c       __pctype_func              000000018001889c f   libucrt:ctype.obj
 0001:000178cc       iswctype                   00000001800188cc f   libucrt:iswctype.obj
 0001:0001793c       _isctype_l                 000000018001893c f   libucrt:isctype.obj
 0001:00017a4c       _query_new_mode            0000000180018a4c f   libucrt:new_mode.obj
 0001:00017b3c       __acrt_DownlevelLocaleNameToLCID 0000000180018b3c f   libucrt:lcidtoname_downlevel.obj
 0001:00017b70       _fclose_nolock             0000000180018b70 f   libucrt:fclose.obj
 0001:00017bf4       fclose                     0000000180018bf4 f   libucrt:fclose.obj
 0001:00017ce4       _commit                    0000000180018ce4 f   libucrt:commit.obj
 0001:000185e4       _write                     00000001800195e4 f   libucrt:write.obj
 0001:000186d0       _write_nolock              00000001800196d0 f   libucrt:write.obj
 0001:000189ac       __acrt_lowio_create_handle_array 00000001800199ac f   libucrt:osfinfo.obj
 0001:00018a54       __acrt_lowio_destroy_handle_array 0000000180019a54 f   libucrt:osfinfo.obj
 0001:00018aa4       __acrt_lowio_ensure_fh_exists 0000000180019aa4 f   libucrt:osfinfo.obj
 0001:00018b4c       __acrt_lowio_lock_fh       0000000180019b4c f   libucrt:osfinfo.obj
 0001:00018b74       __acrt_lowio_unlock_fh     0000000180019b74 f   libucrt:osfinfo.obj
 0001:00018b9c       _free_osfhnd               0000000180019b9c f   libucrt:osfinfo.obj
 0001:00018c58       _get_osfhandle             0000000180019c58 f   libucrt:osfinfo.obj
 0001:00018cd0       _isleadbyte_l              0000000180019cd0 f i libucrt:_wctype.obj
 0001:00019034       __acrt_LCMapStringA        000000018001a034 f   libucrt:lcmapstringa.obj
 0001:000190cc       ?__mbrtowc_utf8@__crt_mbstring@@YA_KPEA_WPEBD_KPEAU_Mbstatet@@@Z 000000018001a0cc f   libucrt:mbrtowc.obj
 0001:00019108       ?__mbsrtowcs_utf8@__crt_mbstring@@YA_KPEA_WPEAPEBD_KPEAU_Mbstatet@@@Z 000000018001a108 f   libucrt:mbrtowc.obj
 0001:00019280       ?__c32rtomb_utf8@__crt_mbstring@@YA_KPEAD_UPEAU_Mbstatet@@@Z 000000018001a280 f   libucrt:c32rtomb.obj
 0001:00019338       __acrt_add_locale_ref      000000018001a338 f   libucrt:locale_refcounting.obj
 0001:000193c4       __acrt_free_locale         000000018001a3c4 f   libucrt:locale_refcounting.obj
 0001:0001953c       __acrt_locale_add_lc_time_reference 000000018001a53c f   libucrt:locale_refcounting.obj
 0001:00019564       __acrt_locale_free_lc_time_if_unreferenced 000000018001a564 f   libucrt:locale_refcounting.obj
 0001:0001959c       __acrt_locale_release_lc_time_reference 000000018001a59c f   libucrt:locale_refcounting.obj
 0001:000195c4       __acrt_release_locale_ref  000000018001a5c4 f   libucrt:locale_refcounting.obj
 0001:0001966c       __acrt_update_thread_locale_data 000000018001a66c f   libucrt:locale_refcounting.obj
 0001:000196dc       _updatetlocinfoEx_nolock   000000018001a6dc f   libucrt:locale_refcounting.obj
 0001:00019744       __acrt_fp_strflt_to_string 000000018001a744 f   libucrt:_fptostr.obj
 0001:00019830       ?divide@__crt_strtox@@YA_KAEAUbig_integer@1@AEBU21@@Z 000000018001a830 f i libucrt:cfout.obj
 0001:00019c5c       __acrt_fltout              000000018001ac5c f   libucrt:cfout.obj
 0001:0001b15c       __acrt_stdio_flush_and_write_narrow_nolock 000000018001c15c f   libucrt:_flsbuf.obj
 0001:0001b248       __acrt_stdio_flush_and_write_wide_nolock 000000018001c248 f   libucrt:_flsbuf.obj
 0001:0001b334       _isatty                    000000018001c334 f   libucrt:isatty.obj
 0001:0001b394       __acrt_locale_free_monetary 000000018001c394 f   libucrt:initmon.obj
 0001:0001b4a0       __acrt_locale_free_numeric 000000018001c4a0 f   libucrt:initnum.obj
 0001:0001b564       __acrt_locale_free_time    000000018001c564 f   libucrt:inittime.obj
 0001:0001b66c       __acrt_GetStringTypeA      000000018001c66c f   libucrt:getstringtypea.obj
 0001:0001b800       qsort                      000000018001c800 f   libucrt:qsort.obj
 0001:0001bbc0       strncpy_s                  000000018001cbc0 f   libucrt:strncpy_s.obj
 0001:0001bd40       strpbrk                    000000018001cd40 f   libucrt:strpbrk.obj
 0001:0001c120       _mbsdec                    000000018001d120 f   libucrt:mbsdec.obj
 0001:0001c128       _mbsdec_l                  000000018001d128 f   libucrt:mbsdec.obj
 0001:0001c1d4       _msize_base                000000018001d1d4 f   libucrt:msize.obj
 0001:0001c210       _realloc_base              000000018001d210 f   libucrt:realloc_base.obj
 0001:0001c28c       __acrt_GetStringTypeW      000000018001d28c f   libucrt:getstringtypew.obj
 0001:0001c308       _close                     000000018001d308 f   libucrt:close.obj
 0001:0001c3ac       _close_nolock              000000018001d3ac f   libucrt:close.obj
 0001:0001c46c       ?__acrt_stdio_free_stream@@YAXV__crt_stdio_stream@@@Z 000000018001d46c f   libucrt:stream.obj
 0001:0001c614       _lseeki64                  000000018001d614 f   libucrt:lseek.obj
 0001:0001c61c       _lseeki64_nolock           000000018001d61c f   libucrt:lseek.obj
 0001:0001c624       _putwch_nolock             000000018001d624 f   libucrt:putwch.obj
 0001:0001c660       __strncnt                  000000018001d660 f   libucrt:strncnt.obj
 0001:0001c678       ?__mbrtoc32_utf8@__crt_mbstring@@YA_KPEA_UPEBD_KPEAU_Mbstatet@@@Z 000000018001d678 f   libucrt:mbrtoc32.obj
 0001:0001c854       fegetenv                   000000018001d854 f   libucrt:fegetenv.obj
 0001:0001c874       fesetenv                   000000018001d874 f   libucrt:fesetenv.obj
 0001:0001c8c4       feholdexcept               000000018001d8c4 f   libucrt:feholdexcept.obj
 0001:0001c914       ceil                       000000018001d914 f   libucrt:ceil.obj
 0001:0001c9e0       log10                      000000018001d9e0 f   libucrt:log10.obj
 0001:0001cf8c       __acrt_stdio_allocate_buffer_nolock 000000018001df8c f   libucrt:_getbuf.obj
 0001:0001cff4       __dcrt_lowio_ensure_console_output_initialized 000000018001dff4 f   libucrt:initcon.obj
 0001:0001d048       __dcrt_terminate_console_output 000000018001e048 f   libucrt:initcon.obj
 0001:0001d064       __dcrt_write_console       000000018001e064 f   libucrt:initcon.obj
 0001:0001d124       __acrt_fenv_get_control    000000018001e124 f   libucrt:_fenvutils.obj
 0001:0001d218       __acrt_fenv_get_status     000000018001e218 f   libucrt:_fenvutils.obj
 0001:0001d26c       __acrt_fenv_set_control    000000018001e26c f   libucrt:_fenvutils.obj
 0001:0001d3b4       __acrt_fenv_set_status     000000018001e3b4 f   libucrt:_fenvutils.obj
 0001:0001d438       _clearfp                   000000018001e438 f   libucrt:ieee.obj
 0001:0001d5cc       _handle_error              000000018001e5cc f   libucrt:libm_error.obj
 0001:0001d6f4       _handle_nan                000000018001e6f4 f   libucrt:libm_error.obj
 0001:0001d710       __acrt_initialize_fma3     000000018001e710 f   libucrt:fma3_available.obj
 0001:0001d780       _log10_special             000000018001e780 f   libucrt:log_special.obj
 0001:0001d850       _get_fpsr                  000000018001e850 f   libucrt:fpsr.obj
 0001:0001d860       _set_fpsr                  000000018001e860 f   libucrt:fpsr.obj
 0001:0001d86a       _fclrf                     000000018001e86a f   libucrt:fpsr.obj
 0001:0001d87e       _frnd                      000000018001e87e f   libucrt:fpsr.obj
 0001:0001d8a0       _raise_exc                 000000018001e8a0 f   libucrt:fpexcept.obj
 0001:0001d8c8       _raise_exc_ex              000000018001e8c8 f   libucrt:fpexcept.obj
 0001:0001dbd8       _set_errno_from_matherr    000000018001ebd8 f   libucrt:fpexcept.obj
 0001:0001dc08       _clrfp                     000000018001ec08 f   libucrt:fpctrl.obj
 0001:0001dc28       _ctrlfp                    000000018001ec28 f   libucrt:fpctrl.obj
 0001:0001dca4       _set_statfp                000000018001eca4 f   libucrt:fpctrl.obj
 0001:0001dcc4       _statfp                    000000018001ecc4 f   libucrt:fpctrl.obj
 0001:0001dcd5       IsProcessorFeaturePresent  000000018001ecd5 f   kernel32:KERNEL32.dll
 0001:0001dce0       _FindPESection             000000018001ece0 f   LIBCMT:pesect.obj
 0001:0001dd30       _IsNonwritableInCurrentImage 000000018001ed30 f   LIBCMT:pesect.obj
 0001:0001dd80       _ValidateImageBase         000000018001ed80 f   LIBCMT:pesect.obj
 0001:0001ddb0       __GSHandlerCheck           000000018001edb0 f   LIBCMT:gshandler.obj
 0001:0001ddd0       __GSHandlerCheckCommon     000000018001edd0 f   LIBCMT:gshandler.obj
 0001:0001de40       __chkstk                   000000018001ee40 f   LIBCMT:chkstk.obj
 0001:0001de40       _alloca_probe              000000018001ee40 f   LIBCMT:chkstk.obj
 0001:0001de94       strrchr                    000000018001ee94 f   libvcruntime:strrchr.obj
 0001:0001dff0       memcmp                     000000018001eff0 f   libvcruntime:memcmp.obj
 0001:0001e0d0       _guard_dispatch_icall_nop  000000018001f0d0 f   LIBCMT:guard_dispatch.obj
 0002:00000000       __imp_Sleep                0000000180020000     kernel32:KERNEL32.dll
 0002:00000008       __imp_CreateFileW          0000000180020008     kernel32:KERNEL32.dll
 0002:00000010       __imp_CloseHandle          0000000180020010     kernel32:KERNEL32.dll
 0002:00000018       __imp_HeapReAlloc          0000000180020018     kernel32:KERNEL32.dll
 0002:00000020       __imp_HeapSize             0000000180020020     kernel32:KERNEL32.dll
 0002:00000028       __imp_GetStringTypeW       0000000180020028     kernel32:KERNEL32.dll
 0002:00000030       __imp_SetFilePointerEx     0000000180020030     kernel32:KERNEL32.dll
 0002:00000038       __imp_GetFileSizeEx        0000000180020038     kernel32:KERNEL32.dll
 0002:00000040       __imp_SetStdHandle         0000000180020040     kernel32:KERNEL32.dll
 0002:00000048       __imp_GetConsoleMode       0000000180020048     kernel32:KERNEL32.dll
 0002:00000050       __imp_GetConsoleCP         0000000180020050     kernel32:KERNEL32.dll
 0002:00000058       __imp_FlushFileBuffers     0000000180020058     kernel32:KERNEL32.dll
 0002:00000060       __imp_GetProcessHeap       0000000180020060     kernel32:KERNEL32.dll
 0002:00000068       __imp_FreeEnvironmentStringsW 0000000180020068     kernel32:KERNEL32.dll
 0002:00000070       __imp_GetEnvironmentStringsW 0000000180020070     kernel32:KERNEL32.dll
 0002:00000078       __imp_WideCharToMultiByte  0000000180020078     kernel32:KERNEL32.dll
 0002:00000080       __imp_MultiByteToWideChar  0000000180020080     kernel32:KERNEL32.dll
 0002:00000088       __imp_GetCommandLineW      0000000180020088     kernel32:KERNEL32.dll
 0002:00000090       __imp_GetCommandLineA      0000000180020090     kernel32:KERNEL32.dll
 0002:00000098       __imp_GetCPInfo            0000000180020098     kernel32:KERNEL32.dll
 0002:000000a0       __imp_GetOEMCP             00000001800200a0     kernel32:KERNEL32.dll
 0002:000000a8       __imp_GetACP               00000001800200a8     kernel32:KERNEL32.dll
 0002:000000b0       __imp_IsValidCodePage      00000001800200b0     kernel32:KERNEL32.dll
 0002:000000b8       __imp_FindNextFileW        00000001800200b8     kernel32:KERNEL32.dll
 0002:000000c0       __imp_FindFirstFileExW     00000001800200c0     kernel32:KERNEL32.dll
 0002:000000c8       __imp_FindClose            00000001800200c8     kernel32:KERNEL32.dll
 0002:000000d0       __imp_OutputDebugStringW   00000001800200d0     kernel32:KERNEL32.dll
 0002:000000d8       __imp_WriteFile            00000001800200d8     kernel32:KERNEL32.dll
 0002:000000e0       __imp_LCMapStringW         00000001800200e0     kernel32:KERNEL32.dll
 0002:000000e8       __imp_HeapFree             00000001800200e8     kernel32:KERNEL32.dll
 0002:000000f0       __imp_HeapAlloc            00000001800200f0     kernel32:KERNEL32.dll
 0002:000000f8       __imp_ExitProcess          00000001800200f8     kernel32:KERNEL32.dll
 0002:00000100       __imp_WriteConsoleW        0000000180020100     kernel32:KERNEL32.dll
 0002:00000108       __imp_GetModuleHandleExW   0000000180020108     kernel32:KERNEL32.dll
 0002:00000110       __imp_GetModuleFileNameW   0000000180020110     kernel32:KERNEL32.dll
 0002:00000118       __imp_GetFileType          0000000180020118     kernel32:KERNEL32.dll
 0002:00000120       __imp_GetStdHandle         0000000180020120     kernel32:KERNEL32.dll
 0002:00000128       __imp_EncodePointer        0000000180020128     kernel32:KERNEL32.dll
 0002:00000130       __imp_LoadLibraryExW       0000000180020130     kernel32:KERNEL32.dll
 0002:00000138       __imp_GetProcAddress       0000000180020138     kernel32:KERNEL32.dll
 0002:00000140       __imp_FreeLibrary          0000000180020140     kernel32:KERNEL32.dll
 0002:00000148       __imp_TlsFree              0000000180020148     kernel32:KERNEL32.dll
 0002:00000150       __imp_TlsSetValue          0000000180020150     kernel32:KERNEL32.dll
 0002:00000158       __imp_TlsGetValue          0000000180020158     kernel32:KERNEL32.dll
 0002:00000160       __imp_TlsAlloc             0000000180020160     kernel32:KERNEL32.dll
 0002:00000168       __imp_InitializeCriticalSectionAndSpinCount 0000000180020168     kernel32:KERNEL32.dll
 0002:00000170       __imp_DeleteCriticalSection 0000000180020170     kernel32:KERNEL32.dll
 0002:00000178       __imp_LeaveCriticalSection 0000000180020178     kernel32:KERNEL32.dll
 0002:00000180       __imp_EnterCriticalSection 0000000180020180     kernel32:KERNEL32.dll
[...]
 0004:000017b8       $pdata$_commit             00000001800307b8     libucrt:commit.obj
 0004:000017c4       $pdata$?write_double_translated_ansi_nolock@@YA?AUwrite_result@?A0x17268360@@HQEBDI@Z 00000001800307c4     libucrt:write.obj
 0004:000017d0       $pdata$?write_text_ansi_nolock@@YA?AUwrite_result@?A0x17268360@@HQEBDI@Z 00000001800307d0     libucrt:write.obj
 0004:000017dc       $pdata$?write_text_utf16le_nolock@@YA?AUwrite_result@?A0x17268360@@HQEBDI@Z 00000001800307dc     libucrt:write.obj
 0004:000017e8       $pdata$?write_text_utf8_nolock@@YA?AUwrite_result@?A0x17268360@@HQEBDI@Z 00000001800307e8     libucrt:write.obj
 0004:000017f4       $pdata$_write              00000001800307f4     libucrt:write.obj
 0004:00001800       $pdata$_write_nolock       0000000180030800     libucrt:write.obj
 0004:0000180c       $pdata$__acrt_lowio_create_handle_array 000000018003080c     libucrt:osfinfo.obj
 0004:00001818       $pdata$__acrt_lowio_destroy_handle_array 0000000180030818     libucrt:osfinfo.obj
 0004:00001824       $pdata$__acrt_lowio_ensure_fh_exists 0000000180030824     libucrt:osfinfo.obj
 0004:00001830       $pdata$_free_osfhnd        0000000180030830     libucrt:osfinfo.obj
 0004:0000183c       $pdata$_get_osfhandle      000000018003083c     libucrt:osfinfo.obj
 0004:00001848       $pdata$_isleadbyte_l       0000000180030848     libucrt:_wctype.obj
 0004:00001854       $pdata$?__acrt_LCMapStringA_stat@@YAHPEAU__crt_locale_pointers@@PEB_WKPEBDHPEADHHH@Z 0000000180030854     libucrt:lcmapstringa.obj
 0004:00001860       $pdata$__acrt_LCMapStringA 0000000180030860     libucrt:lcmapstringa.obj
 0004:0000186c       $pdata$?__mbrtowc_utf8@__crt_mbstring@@YA_KPEA_WPEBD_KPEAU_Mbstatet@@@Z 000000018003086c     libucrt:mbrtowc.obj
 0004:00001878       $pdata$?__mbsrtowcs_utf8@__crt_mbstring@@YA_KPEA_WPEAPEBD_KPEAU_Mbstatet@@@Z 0000000180030878     libucrt:mbrtowc.obj
 0004:00001884       $pdata$?__c32rtomb_utf8@__crt_mbstring@@YA_KPEAD_UPEAU_Mbstatet@@@Z 0000000180030884     libucrt:c32rtomb.obj
 0004:00001890       $pdata$__acrt_free_locale  0000000180030890     libucrt:locale_refcounting.obj
 0004:0000189c       $pdata$__acrt_locale_free_lc_time_if_unreferenced 000000018003089c     libucrt:locale_refcounting.obj
 0004:000018a8       $pdata$__acrt_release_locale_ref 00000001800308a8     libucrt:locale_refcounting.obj
 0004:000018b4       $pdata$__acrt_update_thread_locale_data 00000001800308b4     libucrt:locale_refcounting.obj
 0004:000018c0       $pdata$_updatetlocinfoEx_nolock 00000001800308c0     libucrt:locale_refcounting.obj
 0004:000018cc       $pdata$__acrt_fp_strflt_to_string 00000001800308cc     libucrt:_fptostr.obj
 0004:000018d8       $pdata$?divide@__crt_strtox@@YA_KAEAUbig_integer@1@AEBU21@@Z 00000001800308d8     libucrt:cfout.obj
 0004:000018e4       $pdata$0$?divide@__crt_strtox@@YA_KAEAUbig_integer@1@AEBU21@@Z 00000001800308e4     libucrt:cfout.obj
 0004:000018f0       $pdata$1$?divide@__crt_strtox@@YA_KAEAUbig_integer@1@AEBU21@@Z 00000001800308f0     libucrt:cfout.obj
 0004:000018fc       $pdata$__acrt_fltout       00000001800308fc     libucrt:cfout.obj
 0004:00001908       $pdata$memcpy_s            0000000180030908     libucrt:cfout.obj
 0004:00001914       $pdata$??$write_buffer_nolock@D@@YA_NDV__crt_stdio_stream@@@Z 0000000180030914     libucrt:_flsbuf.obj
 0004:00001920       $pdata$??$write_buffer_nolock@_W@@YA_N_WV__crt_stdio_stream@@@Z 0000000180030920     libucrt:_flsbuf.obj
 0004:0000192c       $pdata$?stream_is_at_end_of_file_nolock@@YA_NV__crt_stdio_stream@@@Z 000000018003092c     libucrt:_flsbuf.obj
 0004:00001938       $pdata$__acrt_stdio_flush_and_write_narrow_nolock 0000000180030938     libucrt:_flsbuf.obj
 0004:00001944       $pdata$__acrt_stdio_flush_and_write_wide_nolock 0000000180030944     libucrt:_flsbuf.obj
 0004:00001950       $pdata$_isatty             0000000180030950     libucrt:isatty.obj
 0004:0000195c       $pdata$__acrt_locale_free_monetary 000000018003095c     libucrt:initmon.obj
 0004:00001968       $pdata$__acrt_locale_free_numeric 0000000180030968     libucrt:initnum.obj
 0004:00001974       $pdata$?free_crt_array_internal@@YAXQEAPEBX_K@Z 0000000180030974     libucrt:inittime.obj
 0004:00001980       $pdata$__acrt_locale_free_time 0000000180030980     libucrt:inittime.obj
 0004:0000198c       $pdata$__acrt_GetStringTypeA 000000018003098c     libucrt:getstringtypea.obj
 0004:00001998       $pdata$qsort               0000000180030998     libucrt:qsort.obj
 0004:000019a4       $pdata$4$qsort             00000001800309a4     libucrt:qsort.obj
 0004:000019b0       $pdata$5$qsort             00000001800309b0     libucrt:qsort.obj
 0004:000019bc       $pdata$strncpy_s           00000001800309bc     libucrt:strncpy_s.obj
 0004:000019c8       $pdata$fallbackMethod      00000001800309c8     libucrt:strpbrk.obj
 0004:000019d4       $pdata$strpbrk             00000001800309d4     libucrt:strpbrk.obj
 0004:000019e0       $pdata$_mbsdec_l           00000001800309e0     libucrt:mbsdec.obj
 0004:000019ec       $pdata$?initialize_multibyte@@YAHXZ 00000001800309ec     libucrt:multibyte_initializer.obj
 0004:000019f8       $pdata$_msize_base         00000001800309f8     libucrt:msize.obj
 0004:00001a04       $pdata$_realloc_base       0000000180030a04     libucrt:realloc_base.obj
 0004:00001a10       $pdata$??$?RV<lambda_751a882b2c74d4b022dec766aa51a29a>@@AEAV<lambda_628dfdc04ba53c8bfc02c9951375f3f5>@@V<lambda_f6c7be5f7998530c34de24c7437d6b54>@@@?$__crt_seh_guarded_call@H@@QEAAH$$QEAV<lambda_751a882b2c74d4b022dec766aa51a29a>@@AEAV<lambda_628dfdc04ba53c8bfc02c9951375f3f5>@@$$QEAV<lambda_f6c7be5f7998530c34de24c7437d6b54>@@@Z 0000000180030a10     libucrt:close.obj
 0004:00001a1c       $pdata$_close              0000000180030a1c     libucrt:close.obj
 0004:00001a28       $pdata$_close_nolock       0000000180030a28     libucrt:close.obj
 0004:00001a34       $pdata$??$common_lseek@_J@@YA_JH_JH@Z 0000000180030a34     libucrt:lseek.obj
 0004:00001a40       $pdata$??$common_lseek_nolock@_J@@YA_JH_JH@Z 0000000180030a40     libucrt:lseek.obj
 0004:00001a4c       $pdata$_putwch_nolock      0000000180030a4c     libucrt:putwch.obj
 0004:00001a58       $pdata$?__mbrtoc32_utf8@__crt_mbstring@@YA_KPEA_UPEBD_KPEAU_Mbstatet@@@Z 0000000180030a58     libucrt:mbrtoc32.obj
 0004:00001a64       $pdata$fegetenv            0000000180030a64     libucrt:fegetenv.obj
 0004:00001a70       $pdata$fesetenv            0000000180030a70     libucrt:fesetenv.obj
 0004:00001a7c       $pdata$feholdexcept        0000000180030a7c     libucrt:feholdexcept.obj
 0004:00001a94       $pdata$__acrt_stdio_allocate_buffer_nolock 0000000180030a94     libucrt:_getbuf.obj
 0004:00001aa0       $pdata$__dcrt_lowio_ensure_console_output_initialized 0000000180030aa0     libucrt:initcon.obj
 0004:00001aac       $pdata$__dcrt_terminate_console_output 0000000180030aac     libucrt:initcon.obj
 0004:00001ab8       $pdata$__dcrt_write_console 0000000180030ab8     libucrt:initcon.obj
 0004:00001ac4       $pdata$__acrt_fenv_set_control 0000000180030ac4     libucrt:_fenvutils.obj
 0004:00001ad0       $pdata$_clearfp            0000000180030ad0     libucrt:ieee.obj
 0004:00001adc       $pdata$_call_matherr       0000000180030adc     libucrt:libm_error.obj
 0004:00001ae8       $pdata$_exception_enabled  0000000180030ae8     libucrt:libm_error.obj
 0004:00001af4       $pdata$_handle_error       0000000180030af4     libucrt:libm_error.obj
 0004:00001b00       $pdata$__acrt_initialize_fma3 0000000180030b00     libucrt:fma3_available.obj
 0004:00001b0c       $pdata$_log10_special      0000000180030b0c     libucrt:log_special.obj
 0004:00001b18       $pdata$_log_special_common 0000000180030b18     libucrt:log_special.obj
 0004:00001b30       $pdata$_raise_exc          0000000180030b30     libucrt:fpexcept.obj
 0004:00001b3c       $pdata$_raise_exc_ex       0000000180030b3c     libucrt:fpexcept.obj
 0004:00001b48       $pdata$_set_errno_from_matherr 0000000180030b48     libucrt:fpexcept.obj
 0004:00001b54       $pdata$_clrfp              0000000180030b54     libucrt:fpctrl.obj
 0004:00001b60       $pdata$_ctrlfp             0000000180030b60     libucrt:fpctrl.obj
 0004:00001b6c       $pdata$_set_statfp         0000000180030b6c     libucrt:fpctrl.obj
 0004:00001b78       $pdata$_statfp             0000000180030b78     libucrt:fpctrl.obj
 0004:00001b84       $pdata$_IsNonwritableInCurrentImage 0000000180030b84     LIBCMT:pesect.obj
 0004:00001b90       $pdata$__GSHandlerCheck    0000000180030b90     LIBCMT:gshandler.obj
 0004:00001b9c       $pdata$__GSHandlerCheckCommon 0000000180030b9c     LIBCMT:gshandler.obj
 0004:00001bb4       $pdata$strrchr             0000000180030bb4     libvcruntime:strrchr.obj
 0004:00001bd8       $pdata$?catch$0@?0??handleReceived_Data@@YAXPEAVIsolate@v8@@PEAUSIMCONNECT_RECV@@K@Z@4HA 0000000180030bd8     addon.obj
 0004:00001be4       $pdata$__scrt_is_nonwritable_in_current_image$filt$0 0000000180030be4     LIBCMT:utility.obj
 0004:00001bf0       $pdata$?fin$0@?0??dllmain_crt_process_attach@@YAHQEAUHINSTANCE__@@QEAX@Z@4HA 0000000180030bf0     LIBCMT:dll_dllmain.obj
 0004:00001bfc       $pdata$?fin$0@?0??dllmain_crt_process_detach@@YAH_N@Z@4HA 0000000180030bfc     LIBCMT:dll_dllmain.obj
 0004:00001c08       $pdata$?filt$0@?0??dllmain_dispatch@@YAHQEAUHINSTANCE__@@KQEAX@Z@4HA 0000000180030c08     LIBCMT:dll_dllmain.obj
 0004:00001c14       $pdata$__DestructExceptionObject$filt$0 0000000180030c14     libvcruntime:ehhelpers.obj
 0004:00001c20       $pdata$?filt$0@?0???$_CallSETranslator@V__FrameHandler3@@@@YAHPEAUEHExceptionRecord@@PEA_KPEAU_CONTEXT@@PEAU_xDISPATCHER_CONTEXT@@PEBU_s_FuncInfo@@K1@Z@4HA 0000000180030c20     libvcruntime:risctrnsctrl.obj
 0004:00001c2c       $pdata$?filt$0@?0??CxxCallCatchBlock@__FrameHandler3@@SAPEAXPEAU_EXCEPTION_RECORD@@@Z@4HA 0000000180030c2c     libvcruntime:frame.obj
 0004:00001c38       $pdata$?fin$1@?0??CxxCallCatchBlock@__FrameHandler3@@SAPEAXPEAU_EXCEPTION_RECORD@@@Z@4HA 0000000180030c38     libvcruntime:frame.obj
 0004:00001c44       $pdata$?filt$0@?0??FrameUnwindToState@__FrameHandler3@@SAXPEA_KPEAU_xDISPATCHER_CONTEXT@@PEBU_s_FuncInfo@@H@Z@4HA 0000000180030c44     libvcruntime:frame.obj
 0004:00001c50       $pdata$?fin$1@?0??FrameUnwindToState@__FrameHandler3@@SAXPEA_KPEAU_xDISPATCHER_CONTEXT@@PEBU_s_FuncInfo@@H@Z@4HA 0000000180030c50     libvcruntime:frame.obj
 0004:00001c5c       $pdata$?fin$0@?0???$?RV<lambda_842d9ff0dc9ef11c61343bbaebe7f885>@@AEAV<lambda_c5860995281e5c4ce005b3de8f5874ee>@@V<lambda_d90129c13df834fdcbf8d2b88dafcf2d>@@@?$__crt_seh_guarded_call@X@@QEAAX$$QEAV<lambda_842d9ff0dc9ef11c61343bbaebe7f885>@@AEAV<lambda_c5860995281e5c4ce005b3de8f5874ee>@@$$QEAV<lambda_d90129c13df834fdcbf8d2b88dafcf2d>@@@Z@4HA 0000000180030c5c     libucrt:fflush.obj
 0004:00001c5c       $pdata$?fin$0@?0???$?RV<lambda_84ec643ea9557e2f7dc01bb0e9624395>@@AEAV<lambda_ca71763b3c0644891230e4f79ea54fa6>@@V<lambda_439a761618c59b0600e24586724d733b>@@@?$__crt_seh_guarded_call@H@@QEAAH$$QEAV<lambda_84ec643ea9557e2f7dc01bb0e9624395>@@AEAV<lambda_ca71763b3c0644891230e4f79ea54fa6>@@$$QEAV<lambda_439a761618c59b0600e24586724d733b>@@@Z@4HA 0000000180030c5c     libucrt:setvbuf.obj
 0004:00001c5c       $pdata$?fin$0@?0???$?RV<lambda_0d412022a4b28cc8a401ea49574e8ae6>@@AEAV<lambda_a775ed57af18ba8e4d5dc780aa9068fe>@@V<lambda_975a71a6baa488a08f4e15f6b0339b9e>@@@?$__crt_seh_guarded_call@H@@QEAAH$$QEAV<lambda_0d412022a4b28cc8a401ea49574e8ae6>@@AEAV<lambda_a775ed57af18ba8e4d5dc780aa9068fe>@@$$QEAV<lambda_975a71a6baa488a08f4e15f6b0339b9e>@@@Z@4HA 0000000180030c5c     libucrt:output.obj
 0004:00001c5c       $pdata$?fin$0@?0???$?RV<lambda_c376a267cfb53b6959b3b692ec76b120>@@AEAV<lambda_9a32fed5bf61b6b509b2d3f6003082a1>@@V<lambda_572fbb9fa0ab338edf41edfd4b5fcc8d>@@@?$__crt_seh_guarded_call@H@@QEAAH$$QEAV<lambda_c376a267cfb53b6959b3b692ec76b120>@@AEAV<lambda_9a32fed5bf61b6b509b2d3f6003082a1>@@$$QEAV<lambda_572fbb9fa0ab338edf41edfd4b5fcc8d>@@@Z@4HA 0000000180030c5c     libucrt:fflush.obj
 0004:00001c5c       $pdata$?fin$0@?0???$?RV<lambda_a62c933ada0517137acf5807a1eeac1f>@@AEAV<lambda_a31071773b9a94e445cbd5d04ef99106>@@V<lambda_56065050dbf3ada7e59a83db45153de3>@@@?$__crt_seh_guarded_call@H@@QEAAH$$QEAV<lambda_a62c933ada0517137acf5807a1eeac1f>@@AEAV<lambda_a31071773b9a94e445cbd5d04ef99106>@@$$QEAV<lambda_56065050dbf3ada7e59a83db45153de3>@@@Z@4HA 0000000180030c5c     libucrt:output.obj
 0004:00001c68       $pdata$_query_new_handler$fin$0 0000000180030c68     libucrt:new_handler.obj
 0004:00001c74       $pdata$?fin$0@?0???$?RV<lambda_450d765d439847d4c735a33c368b5fc0>@@AEAV<lambda_44731a7d0e6d81c3e6aa82d741081786>@@V<lambda_601a2a7da3b7a96e9554ac7215c4b07c>@@@?$__crt_seh_guarded_call@P6AXH@Z@@QEAAP6AXH@Z$$QEAV<lambda_450d765d439847d4c735a33c368b5fc0>@@AEAV<lambda_44731a7d0e6d81c3e6aa82d741081786>@@$$QEAV<lambda_601a2a7da3b7a96e9554ac7215c4b07c>@@@Z@4HA 0000000180030c74     libucrt:signal.obj
 0004:00001c74       $pdata$?fin$0@?0???$?RV<lambda_aa87e3671a710a21b5dc78c0bdf72e11>@@AEAV<lambda_92619d2358a28f41a33ba319515a20b9>@@V<lambda_6992ecaafeb10aed2b74cb1fae11a551>@@@?$__crt_seh_guarded_call@X@@QEAAX$$QEAV<lambda_aa87e3671a710a21b5dc78c0bdf72e11>@@AEAV<lambda_92619d2358a28f41a33ba319515a20b9>@@$$QEAV<lambda_6992ecaafeb10aed2b74cb1fae11a551>@@@Z@4HA 0000000180030c74     libucrt:per_thread_data.obj
 0004:00001c74       $pdata$?fin$0@?0???$?RV<lambda_f2e299630e499de9f9a165e60fcd3db5>@@AEAV<lambda_2ae9d31cdba2644fcbeaf08da7c24588>@@V<lambda_40d01ff24d0e7b3814fdbdcee8eab3c7>@@@?$__crt_seh_guarded_call@X@@QEAAX$$QEAV<lambda_f2e299630e499de9f9a165e60fcd3db5>@@AEAV<lambda_2ae9d31cdba2644fcbeaf08da7c24588>@@$$QEAV<lambda_40d01ff24d0e7b3814fdbdcee8eab3c7>@@@Z@4HA 0000000180030c74     libucrt:per_thread_data.obj
 0004:00001c74       $pdata$?fin$0@?0???$?RV<lambda_7777bce6b2f8c936911f934f8298dc43>@@AEAV<lambda_f03950bc5685219e0bcd2087efbe011e>@@V<lambda_3883c3dff614d5e0c5f61bb1ac94921c>@@@?$__crt_seh_guarded_call@H@@QEAAH$$QEAV<lambda_7777bce6b2f8c936911f934f8298dc43>@@AEAV<lambda_f03950bc5685219e0bcd2087efbe011e>@@$$QEAV<lambda_3883c3dff614d5e0c5f61bb1ac94921c>@@@Z@4HA 0000000180030c74     libucrt:onexit.obj
 0004:00001c74       $pdata$?fin$0@?0???$?RV<lambda_2d41944a1d46af3157314b8a01080d33>@@AEAV<lambda_8f455de75cd7d7f24b4096f044d8b9e6>@@V<lambda_aa500f224e6afead328df44964fe2772>@@@?$__crt_seh_guarded_call@X@@QEAAX$$QEAV<lambda_2d41944a1d46af3157314b8a01080d33>@@AEAV<lambda_8f455de75cd7d7f24b4096f044d8b9e6>@@$$QEAV<lambda_aa500f224e6afead328df44964fe2772>@@@Z@4HA 0000000180030c74     libucrt:per_thread_data.obj
 0004:00001c74       $pdata$?fin$0@?0???$?RV<lambda_efdfa57d1f175319df784efa44bb7b81>@@AEAV<lambda_5f0a4c1567f8adc6734073e5d1e1b35c>@@V<lambda_2e8a7d3640ea6ccb4c2413664c2db6fd>@@@?$__crt_seh_guarded_call@X@@QEAAX$$QEAV<lambda_efdfa57d1f175319df784efa44bb7b81>@@AEAV<lambda_5f0a4c1567f8adc6734073e5d1e1b35c>@@$$QEAV<lambda_2e8a7d3640ea6ccb4c2413664c2db6fd>@@@Z@4HA 0000000180030c74     libucrt:mbctype.obj
 0004:00001c74       $pdata$?fin$0@?0???$?RV<lambda_638799b9deba96c50f710eeac98168cd>@@AEAV<lambda_22ebabd17bc4fa466a2aca6d8deb888d>@@V<lambda_a6f7d7db0129f75315ebf26d50c089f1>@@@?$__crt_seh_guarded_call@H@@QEAAH$$QEAV<lambda_638799b9deba96c50f710eeac98168cd>@@AEAV<lambda_22ebabd17bc4fa466a2aca6d8deb888d>@@$$QEAV<lambda_a6f7d7db0129f75315ebf26d50c089f1>@@@Z@4HA 0000000180030c74     libucrt:onexit.obj
 0004:00001c74       $pdata$?fin$0@?0???$?RV<lambda_0ae27a3a962d80f24befdcbee591983d>@@AEAV<lambda_8d0ee55de4b1038c4002e0adecdf1839>@@V<lambda_dc504788e8f1664fe9b84e20bfb512f2>@@@?$__crt_seh_guarded_call@X@@QEAAX$$QEAV<lambda_0ae27a3a962d80f24befdcbee591983d>@@AEAV<lambda_8d0ee55de4b1038c4002e0adecdf1839>@@$$QEAV<lambda_dc504788e8f1664fe9b84e20bfb512f2>@@@Z@4HA 0000000180030c74     libucrt:per_thread_data.obj
 0004:00001c74       $pdata$?fin$0@?0???$?RV<lambda_d80eeec6fff315bfe5c115232f3240e3>@@AEAV<lambda_6e4b09c48022b2350581041d5f6b0c4c>@@V<lambda_2358e3775559c9db80273638284d5e45>@@@?$__crt_seh_guarded_call@X@@QEAAX$$QEAV<lambda_d80eeec6fff315bfe5c115232f3240e3>@@AEAV<lambda_6e4b09c48022b2350581041d5f6b0c4c>@@$$QEAV<lambda_2358e3775559c9db80273638284d5e45>@@@Z@4HA 0000000180030c74     libucrt:exit.obj
 0004:00001c80       $pdata$?filt$0@?0???R<lambda_6e4b09c48022b2350581041d5f6b0c4c>@@QEBA@XZ@4HA 0000000180030c80     libucrt:exit.obj
 0004:00001c8c       $pdata$_fcloseall$fin$0    0000000180030c8c     libucrt:closeall.obj
 0004:00001c98       $pdata$?fin$0@?0???$?RV<lambda_886d6c58226a84441f68b9f2b8217b83>@@AEAV<lambda_ab61a845afdef5b7c387490eaf3616ee>@@V<lambda_f7f22ab5edc0698d5f6905b0d3f44752>@@@?$__crt_seh_guarded_call@X@@QEAAX$$QEAV<lambda_886d6c58226a84441f68b9f2b8217b83>@@AEAV<lambda_ab61a845afdef5b7c387490eaf3616ee>@@$$QEAV<lambda_f7f22ab5edc0698d5f6905b0d3f44752>@@@Z@4HA 0000000180030c98     libucrt:fflush.obj
 0004:00001ca4       $pdata$__acrt_initialize_lowio$fin$0 0000000180030ca4     libucrt:ioinit.obj
 0004:00001ca4       $pdata$__acrt_lowio_ensure_fh_exists$fin$0 0000000180030ca4     libucrt:osfinfo.obj
 0004:00001cb0       $pdata$?fin$0@?0???$?RV<lambda_410d79af7f07d98d83a3f525b3859a53>@@AEAV<lambda_3e16ef9562a7dcce91392c22ab16ea36>@@V<lambda_38119f0e861e05405d8a144b9b982f0a>@@@?$__crt_seh_guarded_call@X@@QEAAX$$QEAV<lambda_410d79af7f07d98d83a3f525b3859a53>@@AEAV<lambda_3e16ef9562a7dcce91392c22ab16ea36>@@$$QEAV<lambda_38119f0e861e05405d8a144b9b982f0a>@@@Z@4HA 0000000180030cb0     libucrt:wsetlocale.obj
 0004:00001cbc       $pdata$raise$fin$0         0000000180030cbc     libucrt:signal.obj
 0004:00001cc8       $pdata$?fin$0@?0??update_thread_multibyte_data_internal@@YAPEAU__crt_multibyte_data@@QEAU__acrt_ptd@@QEAPEAU1@@Z@4HA 0000000180030cc8     libucrt:mbctype.obj
 0004:00001cd4       $pdata$fclose$fin$0        0000000180030cd4     libucrt:fclose.obj
 0004:00001ce0       $pdata$?fin$0@?0???$?RV<lambda_a37b2b86f63e897a80ea819b0eb08c01>@@AEAV<lambda_38ce7e780aa69e748d6df282ebc68efe>@@V<lambda_99fb1378e971ab6e7edea83e3a7a83a2>@@@?$__crt_seh_guarded_call@H@@QEAAH$$QEAV<lambda_a37b2b86f63e897a80ea819b0eb08c01>@@AEAV<lambda_38ce7e780aa69e748d6df282ebc68efe>@@$$QEAV<lambda_99fb1378e971ab6e7edea83e3a7a83a2>@@@Z@4HA 0000000180030ce0     libucrt:commit.obj
 0004:00001ce0       $pdata$?fin$0@?0???$?RV<lambda_751a882b2c74d4b022dec766aa51a29a>@@AEAV<lambda_628dfdc04ba53c8bfc02c9951375f3f5>@@V<lambda_f6c7be5f7998530c34de24c7437d6b54>@@@?$__crt_seh_guarded_call@H@@QEAAH$$QEAV<lambda_751a882b2c74d4b022dec766aa51a29a>@@AEAV<lambda_628dfdc04ba53c8bfc02c9951375f3f5>@@$$QEAV<lambda_f6c7be5f7998530c34de24c7437d6b54>@@@Z@4HA 0000000180030ce0     libucrt:close.obj
 0004:00001cec       $pdata$?fin$0@?0???$common_lseek@_J@@YA_JH_JH@Z@4HA 0000000180030cec     libucrt:lseek.obj
 0004:00001cec       $pdata$_write$fin$0        0000000180030cec     libucrt:write.obj
 0004:00001cf8       $pdata$__acrt_update_thread_locale_data$fin$0 0000000180030cf8     libucrt:locale_refcounting.obj
 0004:00001d04       $pdata$_ctrlfp$filt$0      0000000180030d04     libucrt:fpctrl.obj
 0004:00001d10       $pdata$_IsNonwritableInCurrentImage$filt$0 0000000180030d10     LIBCMT:pesect.obj
 0004:00001d1c       $pdata$??__FexceptionNames@@YAXXZ 0000000180030d1c     addon.obj
 0004:00001d28       $pdata$??__FsizeMap@@YAXXZ 0000000180030d28     addon.obj
 0004:00001d34       $pdata$??__FdataDefinitions@@YAXXZ 0000000180030d34     addon.obj
 0004:00001d40       $pdata$??__FsystemEventCallbacks@@YAXXZ 0000000180030d40     addon.obj
 0004:00001d4c       $pdata$??__FsystemStateCallbacks@@YAXXZ 0000000180030d4c     addon.obj
 0004:00001d58       $pdata$??__FdataRequestCallbacks@@YAXXZ 0000000180030d58     addon.obj
 0004:00001d64       $pdata$??__FunusedReqIds@@YAXXZ 0000000180030d64     addon.obj
 0005:00000060       $R000000                   0000000180031060     * linker generated manifest res *

 Exports

  ordinal    name

        1    _register_addon_
